17:14:40 **** Incremental Build of configuration Debug for project SensoRTOS ****
make -j8 all 
arm-none-eabi-gcc "../Core/Src/tasks/task_dht22.c" -mcpu=cortex-m3 -std=gnu11 -g3 -DDEBUG -DUSE_HAL_DRIVER -DSTM32F103xB -c -I../Core/Inc -I"D:/Firmware/STM32/Project_Res/SensoRTOS/Core/Inc/tasks" -I"D:/Firmware/STM32/Project_Res/SensoRTOS/Core/Inc/drivers" -I../Drivers/STM32F1xx_HAL_Driver/Inc/Legacy -I../Drivers/STM32F1xx_HAL_Driver/Inc -I../Drivers/CMSIS/Device/ST/STM32F1xx/Include -I../Drivers/CMSIS/Include -I../Middlewares/Third_Party/FreeRTOS/Source/include -I../Middlewares/Third_Party/FreeRTOS/Source/CMSIS_RTOS -I../Middlewares/Third_Party/FreeRTOS/Source/portable/GCC/ARM_CM3 -O0 -ffunction-sections -fdata-sections -Wall -fstack-usage -fcyclomatic-complexity -MMD -MP -MF"Core/Src/tasks/task_dht22.d" -MT"Core/Src/tasks/task_dht22.o" --specs=nano.specs -mfloat-abi=soft -mthumb -o "Core/Src/tasks/task_dht22.o"
arm-none-eabi-gcc "../Core/Src/tasks/task_display.c" -mcpu=cortex-m3 -std=gnu11 -g3 -DDEBUG -DUSE_HAL_DRIVER -DSTM32F103xB -c -I../Core/Inc -I"D:/Firmware/STM32/Project_Res/SensoRTOS/Core/Inc/tasks" -I"D:/Firmware/STM32/Project_Res/SensoRTOS/Core/Inc/drivers" -I../Drivers/STM32F1xx_HAL_Driver/Inc/Legacy -I../Drivers/STM32F1xx_HAL_Driver/Inc -I../Drivers/CMSIS/Device/ST/STM32F1xx/Include -I../Drivers/CMSIS/Include -I../Middlewares/Third_Party/FreeRTOS/Source/include -I../Middlewares/Third_Party/FreeRTOS/Source/CMSIS_RTOS -I../Middlewares/Third_Party/FreeRTOS/Source/portable/GCC/ARM_CM3 -O0 -ffunction-sections -fdata-sections -Wall -fstack-usage -fcyclomatic-complexity -MMD -MP -MF"Core/Src/tasks/task_display.d" -MT"Core/Src/tasks/task_display.o" --specs=nano.specs -mfloat-abi=soft -mthumb -o "Core/Src/tasks/task_display.o"
arm-none-eabi-gcc "../Core/Src/tasks/task_hcsr04.c" -mcpu=cortex-m3 -std=gnu11 -g3 -DDEBUG -DUSE_HAL_DRIVER -DSTM32F103xB -c -I../Core/Inc -I"D:/Firmware/STM32/Project_Res/SensoRTOS/Core/Inc/tasks" -I"D:/Firmware/STM32/Project_Res/SensoRTOS/Core/Inc/drivers" -I../Drivers/STM32F1xx_HAL_Driver/Inc/Legacy -I../Drivers/STM32F1xx_HAL_Driver/Inc -I../Drivers/CMSIS/Device/ST/STM32F1xx/Include -I../Drivers/CMSIS/Include -I../Middlewares/Third_Party/FreeRTOS/Source/include -I../Middlewares/Third_Party/FreeRTOS/Source/CMSIS_RTOS -I../Middlewares/Third_Party/FreeRTOS/Source/portable/GCC/ARM_CM3 -O0 -ffunction-sections -fdata-sections -Wall -fstack-usage -fcyclomatic-complexity -MMD -MP -MF"Core/Src/tasks/task_hcsr04.d" -MT"Core/Src/tasks/task_hcsr04.o" --specs=nano.specs -mfloat-abi=soft -mthumb -o "Core/Src/tasks/task_hcsr04.o"
arm-none-eabi-gcc "../Core/Src/main.c" -mcpu=cortex-m3 -std=gnu11 -g3 -DDEBUG -DUSE_HAL_DRIVER -DSTM32F103xB -c -I../Core/Inc -I"D:/Firmware/STM32/Project_Res/SensoRTOS/Core/Inc/tasks" -I"D:/Firmware/STM32/Project_Res/SensoRTOS/Core/Inc/drivers" -I../Drivers/STM32F1xx_HAL_Driver/Inc/Legacy -I../Drivers/STM32F1xx_HAL_Driver/Inc -I../Drivers/CMSIS/Device/ST/STM32F1xx/Include -I../Drivers/CMSIS/Include -I../Middlewares/Third_Party/FreeRTOS/Source/include -I../Middlewares/Third_Party/FreeRTOS/Source/CMSIS_RTOS -I../Middlewares/Third_Party/FreeRTOS/Source/portable/GCC/ARM_CM3 -O0 -ffunction-sections -fdata-sections -Wall -fstack-usage -fcyclomatic-complexity -MMD -MP -MF"Core/Src/main.d" -MT"Core/Src/main.o" --specs=nano.specs -mfloat-abi=soft -mthumb -o "Core/Src/main.o"
arm-none-eabi-gcc -o "SensoRTOS.elf" @"objects.list"   -mcpu=cortex-m3 -T"D:\Firmware\STM32\Project_Res\SensoRTOS\STM32F103C8TX_FLASH.ld" --specs=nosys.specs -Wl,-Map="SensoRTOS.map" -Wl,--gc-sections -static --specs=nano.specs -mfloat-abi=soft -mthumb -Wl,--start-group -lc -lm -Wl,--end-group
Finished building target: SensoRTOS.elf
 
arm-none-eabi-size  SensoRTOS.elf 
arm-none-eabi-objdump -h -S SensoRTOS.elf  > "SensoRTOS.list"
   text	   data	    bss	    dec	    hex	filename
  13880	     88	   6544	  20512	   5020	SensoRTOS.elf
arm-none-eabi-objcopy  -O ihex SensoRTOS.elf  "SensoRTOS.hex"
Finished building: default.size.stdout
 
Finished building: SensoRTOS.hex
 
Finished building: SensoRTOS.list
 
