../Core/Src/drivers/ssd1306-i2c-driver.c:13:13:I2C1_Write	16	static
../Core/Src/drivers/ssd1306-i2c-driver.c:31:13:SSD1306_WriteCommand	16	static
../Core/Src/drivers/ssd1306-i2c-driver.c:35:13:SSD1306_WriteData	16	static
../Core/Src/drivers/ssd1306-i2c-driver.c:39:6:SSD1306_I2C_Init	4	static
../Core/Src/drivers/ssd1306-i2c-driver.c:55:6:SSD1306_Init	8	static
../Core/Src/drivers/ssd1306-i2c-driver.c:80:6:SSD1306_Clear	8	static
../Core/Src/drivers/ssd1306-i2c-driver.c:84:6:SSD1306_UpdateScreen	16	static
../Core/Src/drivers/ssd1306-i2c-driver.c:95:6:SSD1306_DisplayString	24	static
