Archive member included to satisfy reference by file (symbol)

C:/ST/STM32CubeIDE_1.17.0/STM32CubeIDE/plugins/com.st.stm32cube.ide.mcu.externaltools.gnu-tools-for-stm32.12.3.rel1.win32_1.1.0.202410251130/tools/bin/../lib/gcc/arm-none-eabi/12.3.1/../../../../arm-none-eabi/lib/thumb/v7-m/nofp\libc_nano.a(libc_a-exit.o)
                              C:/ST/STM32CubeIDE_1.17.0/STM32CubeIDE/plugins/com.st.stm32cube.ide.mcu.externaltools.gnu-tools-for-stm32.12.3.rel1.win32_1.1.0.202410251130/tools/bin/../lib/gcc/arm-none-eabi/12.3.1/../../../../arm-none-eabi/lib/thumb/v7-m/nofp/crt0.o (exit)
C:/ST/STM32CubeIDE_1.17.0/STM32CubeIDE/plugins/com.st.stm32cube.ide.mcu.externaltools.gnu-tools-for-stm32.12.3.rel1.win32_1.1.0.202410251130/tools/bin/../lib/gcc/arm-none-eabi/12.3.1/../../../../arm-none-eabi/lib/thumb/v7-m/nofp\libc_nano.a(libc_a-findfp.o)
                              C:/ST/STM32CubeIDE_1.17.0/STM32CubeIDE/plugins/com.st.stm32cube.ide.mcu.externaltools.gnu-tools-for-stm32.12.3.rel1.win32_1.1.0.202410251130/tools/bin/../lib/gcc/arm-none-eabi/12.3.1/../../../../arm-none-eabi/lib/thumb/v7-m/nofp\libc_nano.a(libc_a-exit.o) (__stdio_exit_handler)
C:/ST/STM32CubeIDE_1.17.0/STM32CubeIDE/plugins/com.st.stm32cube.ide.mcu.externaltools.gnu-tools-for-stm32.12.3.rel1.win32_1.1.0.202410251130/tools/bin/../lib/gcc/arm-none-eabi/12.3.1/../../../../arm-none-eabi/lib/thumb/v7-m/nofp\libc_nano.a(libc_a-fwalk.o)
                              C:/ST/STM32CubeIDE_1.17.0/STM32CubeIDE/plugins/com.st.stm32cube.ide.mcu.externaltools.gnu-tools-for-stm32.12.3.rel1.win32_1.1.0.202410251130/tools/bin/../lib/gcc/arm-none-eabi/12.3.1/../../../../arm-none-eabi/lib/thumb/v7-m/nofp\libc_nano.a(libc_a-findfp.o) (_fwalk_sglue)
C:/ST/STM32CubeIDE_1.17.0/STM32CubeIDE/plugins/com.st.stm32cube.ide.mcu.externaltools.gnu-tools-for-stm32.12.3.rel1.win32_1.1.0.202410251130/tools/bin/../lib/gcc/arm-none-eabi/12.3.1/../../../../arm-none-eabi/lib/thumb/v7-m/nofp\libc_nano.a(libc_a-sprintf.o)
                              ./Core/Src/drivers/dht22-driver.o (sprintf)
C:/ST/STM32CubeIDE_1.17.0/STM32CubeIDE/plugins/com.st.stm32cube.ide.mcu.externaltools.gnu-tools-for-stm32.12.3.rel1.win32_1.1.0.202410251130/tools/bin/../lib/gcc/arm-none-eabi/12.3.1/../../../../arm-none-eabi/lib/thumb/v7-m/nofp\libc_nano.a(libc_a-stdio.o)
                              C:/ST/STM32CubeIDE_1.17.0/STM32CubeIDE/plugins/com.st.stm32cube.ide.mcu.externaltools.gnu-tools-for-stm32.12.3.rel1.win32_1.1.0.202410251130/tools/bin/../lib/gcc/arm-none-eabi/12.3.1/../../../../arm-none-eabi/lib/thumb/v7-m/nofp\libc_nano.a(libc_a-findfp.o) (__sread)
C:/ST/STM32CubeIDE_1.17.0/STM32CubeIDE/plugins/com.st.stm32cube.ide.mcu.externaltools.gnu-tools-for-stm32.12.3.rel1.win32_1.1.0.202410251130/tools/bin/../lib/gcc/arm-none-eabi/12.3.1/../../../../arm-none-eabi/lib/thumb/v7-m/nofp\libc_nano.a(libc_a-memset.o)
                              C:/ST/STM32CubeIDE_1.17.0/STM32CubeIDE/plugins/com.st.stm32cube.ide.mcu.externaltools.gnu-tools-for-stm32.12.3.rel1.win32_1.1.0.202410251130/tools/bin/../lib/gcc/arm-none-eabi/12.3.1/../../../../arm-none-eabi/lib/thumb/v7-m/nofp/crt0.o (memset)
C:/ST/STM32CubeIDE_1.17.0/STM32CubeIDE/plugins/com.st.stm32cube.ide.mcu.externaltools.gnu-tools-for-stm32.12.3.rel1.win32_1.1.0.202410251130/tools/bin/../lib/gcc/arm-none-eabi/12.3.1/../../../../arm-none-eabi/lib/thumb/v7-m/nofp\libc_nano.a(libc_a-closer.o)
                              C:/ST/STM32CubeIDE_1.17.0/STM32CubeIDE/plugins/com.st.stm32cube.ide.mcu.externaltools.gnu-tools-for-stm32.12.3.rel1.win32_1.1.0.202410251130/tools/bin/../lib/gcc/arm-none-eabi/12.3.1/../../../../arm-none-eabi/lib/thumb/v7-m/nofp\libc_nano.a(libc_a-stdio.o) (_close_r)
C:/ST/STM32CubeIDE_1.17.0/STM32CubeIDE/plugins/com.st.stm32cube.ide.mcu.externaltools.gnu-tools-for-stm32.12.3.rel1.win32_1.1.0.202410251130/tools/bin/../lib/gcc/arm-none-eabi/12.3.1/../../../../arm-none-eabi/lib/thumb/v7-m/nofp\libc_nano.a(libc_a-reent.o)
                              C:/ST/STM32CubeIDE_1.17.0/STM32CubeIDE/plugins/com.st.stm32cube.ide.mcu.externaltools.gnu-tools-for-stm32.12.3.rel1.win32_1.1.0.202410251130/tools/bin/../lib/gcc/arm-none-eabi/12.3.1/../../../../arm-none-eabi/lib/thumb/v7-m/nofp\libc_nano.a(libc_a-closer.o) (errno)
C:/ST/STM32CubeIDE_1.17.0/STM32CubeIDE/plugins/com.st.stm32cube.ide.mcu.externaltools.gnu-tools-for-stm32.12.3.rel1.win32_1.1.0.202410251130/tools/bin/../lib/gcc/arm-none-eabi/12.3.1/../../../../arm-none-eabi/lib/thumb/v7-m/nofp\libc_nano.a(libc_a-impure.o)
                              C:/ST/STM32CubeIDE_1.17.0/STM32CubeIDE/plugins/com.st.stm32cube.ide.mcu.externaltools.gnu-tools-for-stm32.12.3.rel1.win32_1.1.0.202410251130/tools/bin/../lib/gcc/arm-none-eabi/12.3.1/../../../../arm-none-eabi/lib/thumb/v7-m/nofp\libc_nano.a(libc_a-sprintf.o) (_impure_ptr)
[...]
Memory Configuration

Name             Origin             Length             Attributes
RAM              0x20000000         0x00005000         xrw
FLASH            0x08000000         0x00010000         xr
*default*        0x00000000         0xffffffff

Linker script and memory map

LOAD C:/ST/STM32CubeIDE_1.17.0/STM32CubeIDE/plugins/com.st.stm32cube.ide.mcu.externaltools.gnu-tools-for-stm32.12.3.rel1.win32_1.1.0.202410251130/tools/bin/../lib/gcc/arm-none-eabi/12.3.1/thumb/v7-m/nofp/crti.o
LOAD C:/ST/STM32CubeIDE_1.17.0/STM32CubeIDE/plugins/com.st.stm32cube.ide.mcu.externaltools.gnu-tools-for-stm32.12.3.rel1.win32_1.1.0.202410251130/tools/bin/../lib/gcc/arm-none-eabi/12.3.1/thumb/v7-m/nofp/crtbegin.o
LOAD C:/ST/STM32CubeIDE_1.17.0/STM32CubeIDE/plugins/com.st.stm32cube.ide.mcu.externaltools.gnu-tools-for-stm32.12.3.rel1.win32_1.1.0.202410251130/tools/bin/../lib/gcc/arm-none-eabi/12.3.1/../../../../arm-none-eabi/lib/thumb/v7-m/nofp/crt0.o
LOAD ./Core/Src/drivers/delay.o
LOAD ./Core/Src/drivers/dht22-driver.o
LOAD ./Core/Src/drivers/gpio-driver.o
LOAD ./Core/Src/drivers/hc_sr04-driver.o
LOAD ./Core/Src/drivers/ssd1306-i2c-driver.o
LOAD ./Core/Src/drivers/ssd1306_font6x8.o
LOAD ./Core/Src/drivers/systemclock_config.o
LOAD ./Core/Src/drivers/uart-driver.o
LOAD ./Core/Src/freertos.o
LOAD ./Core/Src/main.o
LOAD ./Core/Src/stm32f1xx_hal_msp.o
LOAD ./Core/Src/stm32f1xx_hal_timebase_tim.o
LOAD ./Core/Src/stm32f1xx_it.o
LOAD ./Core/Src/syscalls.o
LOAD ./Core/Src/sysmem.o
LOAD ./Core/Src/system_stm32f1xx.o
LOAD ./Core/Src/tasks/task_dht22.o
LOAD ./Core/Src/tasks/task_display.o
LOAD ./Core/Src/tasks/task_hcsr04.o
LOAD ./Core/Src/tasks/task_uart.o
LOAD ./Core/Startup/startup_stm32f103c8tx.o
LOAD ./Drivers/STM32F1xx_HAL_Driver/Src/stm32f1xx_hal.o
LOAD ./Drivers/STM32F1xx_HAL_Driver/Src/stm32f1xx_hal_cortex.o
LOAD ./Drivers/STM32F1xx_HAL_Driver/Src/stm32f1xx_hal_dma.o
LOAD ./Drivers/STM32F1xx_HAL_Driver/Src/stm32f1xx_hal_exti.o
LOAD ./Drivers/STM32F1xx_HAL_Driver/Src/stm32f1xx_hal_flash.o
LOAD ./Drivers/STM32F1xx_HAL_Driver/Src/stm32f1xx_hal_flash_ex.o
LOAD ./Drivers/STM32F1xx_HAL_Driver/Src/stm32f1xx_hal_gpio.o
LOAD ./Drivers/STM32F1xx_HAL_Driver/Src/stm32f1xx_hal_gpio_ex.o
LOAD ./Drivers/STM32F1xx_HAL_Driver/Src/stm32f1xx_hal_pwr.o
LOAD ./Drivers/STM32F1xx_HAL_Driver/Src/stm32f1xx_hal_rcc.o
LOAD ./Drivers/STM32F1xx_HAL_Driver/Src/stm32f1xx_hal_rcc_ex.o
LOAD ./Drivers/STM32F1xx_HAL_Driver/Src/stm32f1xx_hal_tim.o
LOAD ./Drivers/STM32F1xx_HAL_Driver/Src/stm32f1xx_hal_tim_ex.o
LOAD ./Middlewares/Third_Party/FreeRTOS/Source/CMSIS_RTOS/cmsis_os.o
LOAD ./Middlewares/Third_Party/FreeRTOS/Source/croutine.o
LOAD ./Middlewares/Third_Party/FreeRTOS/Source/event_groups.o
LOAD ./Middlewares/Third_Party/FreeRTOS/Source/list.o
LOAD ./Middlewares/Third_Party/FreeRTOS/Source/queue.o
LOAD ./Middlewares/Third_Party/FreeRTOS/Source/stream_buffer.o
LOAD ./Middlewares/Third_Party/FreeRTOS/Source/tasks.o
LOAD ./Middlewares/Third_Party/FreeRTOS/Source/timers.o
LOAD ./Middlewares/Third_Party/FreeRTOS/Source/portable/GCC/ARM_CM3/port.o
LOAD ./Middlewares/Third_Party/FreeRTOS/Source/portable/MemMang/heap_4.o
START GROUP
LOAD C:/ST/STM32CubeIDE_1.17.0/STM32CubeIDE/plugins/com.st.stm32cube.ide.mcu.externaltools.gnu-tools-for-stm32.12.3.rel1.win32_1.1.0.202410251130/tools/bin/../lib/gcc/arm-none-eabi/12.3.1/../../../../arm-none-eabi/lib/thumb/v7-m/nofp\libc_nano.a
LOAD C:/ST/STM32CubeIDE_1.17.0/STM32CubeIDE/plugins/com.st.stm32cube.ide.mcu.externaltools.gnu-tools-for-stm32.12.3.rel1.win32_1.1.0.202410251130/tools/bin/../lib/gcc/arm-none-eabi/12.3.1/../../../../arm-none-eabi/lib/thumb/v7-m/nofp\libm.a
END GROUP
START GROUP
LOAD C:/ST/STM32CubeIDE_1.17.0/STM32CubeIDE/plugins/com.st.stm32cube.ide.mcu.externaltools.gnu-tools-for-stm32.12.3.rel1.win32_1.1.0.202410251130/tools/bin/../lib/gcc/arm-none-eabi/12.3.1/thumb/v7-m/nofp\libgcc.a
LOAD C:/ST/STM32CubeIDE_1.17.0/STM32CubeIDE/plugins/com.st.stm32cube.ide.mcu.externaltools.gnu-tools-for-stm32.12.3.rel1.win32_1.1.0.202410251130/tools/bin/../lib/gcc/arm-none-eabi/12.3.1/../../../../arm-none-eabi/lib/thumb/v7-m/nofp\libc_nano.a
END GROUP
START GROUP
LOAD C:/ST/STM32CubeIDE_1.17.0/STM32CubeIDE/plugins/com.st.stm32cube.ide.mcu.externaltools.gnu-tools-for-stm32.12.3.rel1.win32_1.1.0.202410251130/tools/bin/../lib/gcc/arm-none-eabi/12.3.1/thumb/v7-m/nofp\libgcc.a
LOAD C:/ST/STM32CubeIDE_1.17.0/STM32CubeIDE/plugins/com.st.stm32cube.ide.mcu.externaltools.gnu-tools-for-stm32.12.3.rel1.win32_1.1.0.202410251130/tools/bin/../lib/gcc/arm-none-eabi/12.3.1/../../../../arm-none-eabi/lib/thumb/v7-m/nofp\libc_nano.a
LOAD C:/ST/STM32CubeIDE_1.17.0/STM32CubeIDE/plugins/com.st.stm32cube.ide.mcu.externaltools.gnu-tools-for-stm32.12.3.rel1.win32_1.1.0.202410251130/tools/bin/../lib/gcc/arm-none-eabi/12.3.1/../../../../arm-none-eabi/lib/thumb/v7-m/nofp\libnosys.a
END GROUP
START GROUP
LOAD C:/ST/STM32CubeIDE_1.17.0/STM32CubeIDE/plugins/com.st.stm32cube.ide.mcu.externaltools.gnu-tools-for-stm32.12.3.rel1.win32_1.1.0.202410251130/tools/bin/../lib/gcc/arm-none-eabi/12.3.1/thumb/v7-m/nofp\libgcc.a
LOAD C:/ST/STM32CubeIDE_1.17.0/STM32CubeIDE/plugins/com.st.stm32cube.ide.mcu.externaltools.gnu-tools-for-stm32.12.3.rel1.win32_1.1.0.202410251130/tools/bin/../lib/gcc/arm-none-eabi/12.3.1/../../../../arm-none-eabi/lib/thumb/v7-m/nofp\libc_nano.a
LOAD C:/ST/STM32CubeIDE_1.17.0/STM32CubeIDE/plugins/com.st.stm32cube.ide.mcu.externaltools.gnu-tools-for-stm32.12.3.rel1.win32_1.1.0.202410251130/tools/bin/../lib/gcc/arm-none-eabi/12.3.1/../../../../arm-none-eabi/lib/thumb/v7-m/nofp\libnosys.a
END GROUP
LOAD C:/ST/STM32CubeIDE_1.17.0/STM32CubeIDE/plugins/com.st.stm32cube.ide.mcu.externaltools.gnu-tools-for-stm32.12.3.rel1.win32_1.1.0.202410251130/tools/bin/../lib/gcc/arm-none-eabi/12.3.1/thumb/v7-m/nofp/crtend.o
LOAD C:/ST/STM32CubeIDE_1.17.0/STM32CubeIDE/plugins/com.st.stm32cube.ide.mcu.externaltools.gnu-tools-for-stm32.12.3.rel1.win32_1.1.0.202410251130/tools/bin/../lib/gcc/arm-none-eabi/12.3.1/thumb/v7-m/nofp/crtn.o
                0x20005000                        _estack = (ORIGIN (RAM) + LENGTH (RAM))
                0x00000200                        _Min_Heap_Size = 0x200
                0x00000400                        _Min_Stack_Size = 0x400

.isr_vector     0x08000000      0x10c
                0x08000000                        . = ALIGN (0x4)
 *(.isr_vector)
 .isr_vector    0x08000000      0x10c ./Core/Startup/startup_stm32f103c8tx.o
                0x08000000                g_pfnVectors
                0x0800010c                        . = ALIGN (0x4)

.text           0x08000110     0x2f50
                0x08000110                        . = ALIGN (0x4)
 *(.text)
 .text          0x08000110       0x40 C:/ST/STM32CubeIDE_1.17.0/STM32CubeIDE/plugins/com.st.stm32cube.ide.mcu.externaltools.gnu-tools-for-stm32.12.3.rel1.win32_1.1.0.202410251130/tools/bin/../lib/gcc/arm-none-eabi/12.3.1/thumb/v7-m/nofp/crtbegin.o
 .text          0x08000150       0x14 C:/ST/STM32CubeIDE_1.17.0/STM32CubeIDE/plugins/com.st.stm32cube.ide.mcu.externaltools.gnu-tools-for-stm32.12.3.rel1.win32_1.1.0.202410251130/tools/bin/../lib/gcc/arm-none-eabi/12.3.1/../../../../arm-none-eabi/lib/thumb/v7-m/nofp\libc_nano.a(libc_a-strcmp.o)
                0x08000150                strcmp
 *(.text*)
 .text.delay_us
                0x08000164       0x34 ./Core/Src/drivers/delay.o
                0x08000164                delay_us
 .text.delay_ms
                0x08000198       0x26 ./Core/Src/drivers/delay.o
                0x08000198                delay_ms
 *fill*         0x080001be        0x2 
 .text.set_pin_output
                0x080001c0       0x34 ./Core/Src/drivers/dht22-driver.o
 .text.set_pin_input
                0x080001f4       0x34 ./Core/Src/drivers/dht22-driver.o
 .text.DHT22_Read
                0x08000228      0x2cc ./Core/Src/drivers/dht22-driver.o
                0x08000228                DHT22_Read
 .text.DHT22_Init
                0x080004f4       0x1c ./Core/Src/drivers/dht22-driver.o
                0x080004f4                DHT22_Init
 .text.LED_ON   0x08000510       0x18 ./Core/Src/drivers/gpio-driver.o
                0x08000510                LED_ON
 .text.LED_OFF  0x08000528       0x18 ./Core/Src/drivers/gpio-driver.o
                0x08000528                LED_OFF
 .text.BUZZER_ON
                0x08000540       0x18 ./Core/Src/drivers/gpio-driver.o
                0x08000540                BUZZER_ON
 .text.BUZZER_OFF
                0x08000558       0x18 ./Core/Src/drivers/gpio-driver.o
                0x08000558                BUZZER_OFF
 .text.HC_SR04_Init
                0x08000570       0x58 ./Core/Src/drivers/hc_sr04-driver.o
                0x08000570                HC_SR04_Init
 .text.HC_SR04_Read
                0x080005c8       0xb0 ./Core/Src/drivers/hc_sr04-driver.o
                0x080005c8                HC_SR04_Read
 .text.I2C1_Write
                0x08000678       0x9c ./Core/Src/drivers/ssd1306-i2c-driver.o
 .text.SSD1306_WriteCommand
                0x08000714       0x1c ./Core/Src/drivers/ssd1306-i2c-driver.o
 .text.SSD1306_WriteData
                0x08000730       0x1c ./Core/Src/drivers/ssd1306-i2c-driver.o
 .text.SSD1306_I2C_Init
                0x0800074c       0x60 ./Core/Src/drivers/ssd1306-i2c-driver.o
                0x0800074c                SSD1306_I2C_Init
 .text.SSD1306_Init
                0x080007ac       0xb0 ./Core/Src/drivers/ssd1306-i2c-driver.o
                0x080007ac                SSD1306_Init
 .text.SSD1306_Clear
                0x0800085c       0x18 ./Core/Src/drivers/ssd1306-i2c-driver.o
                0x0800085c                SSD1306_Clear
 .text.SSD1306_UpdateScreen
                0x08000874       0x64 ./Core/Src/drivers/ssd1306-i2c-driver.o
                0x08000874                SSD1306_UpdateScreen
 .text.SSD1306_DisplayString
                0x080008d8       0x94 ./Core/Src/drivers/ssd1306-i2c-driver.o
                0x080008d8                SSD1306_DisplayString
 .text.SystemClock_Config
                0x0800096c      0x100 ./Core/Src/drivers/systemclock_config.o
                0x0800096c                SystemClock_Config
 .text.UART1_Init
                0x08000a6c       0x7c ./Core/Src/drivers/uart-driver.o
                0x08000a6c                UART1_Init
 .text.UART1_SendChar
                0x08000ae8       0x2c ./Core/Src/drivers/uart-driver.o
                0x08000ae8                UART1_SendChar
 .text.UART1_ReceiveChar
                0x08000b14       0x24 ./Core/Src/drivers/uart-driver.o
                0x08000b14                UART1_ReceiveChar
 .text.UART1_SendString
                0x08000b38       0x2a ./Core/Src/drivers/uart-driver.o
                0x08000b38                UART1_SendString
 *fill*         0x08000b62        0x2 
 .text.UART1_CharAvailable
                0x08000b64       0x1c ./Core/Src/drivers/uart-driver.o
                0x08000b64                UART1_CharAvailable
 .text.vApplicationGetIdleTaskMemory
                0x08000b80       0x30 ./Core/Src/freertos.o
                0x08000b80                vApplicationGetIdleTaskMemory
 .text.main     0x08000bb0       0xd4 ./Core/Src/main.o
                0x08000bb0                main
 .text.NMI_Handler
                0x08000c84        0x8 ./Core/Src/stm32f1xx_it.o
                0x08000c84                NMI_Handler
 .text.HardFault_Handler
                0x08000c8c        0x8 ./Core/Src/stm32f1xx_it.o
                0x08000c8c                HardFault_Handler
 .text.MemManage_Handler
                0x08000c94        0x8 ./Core/Src/stm32f1xx_it.o
                0x08000c94                MemManage_Handler
 .text.BusFault_Handler
                0x08000c9c        0x8 ./Core/Src/stm32f1xx_it.o
                0x08000c9c                BusFault_Handler
 .text.UsageFault_Handler
                0x08000ca4        0x8 ./Core/Src/stm32f1xx_it.o
                0x08000ca4                UsageFault_Handler
 .text.DebugMon_Handler
                0x08000cac        0xc ./Core/Src/stm32f1xx_it.o
                0x08000cac                DebugMon_Handler
 .text.TIM1_UP_IRQHandler
                0x08000cb8       0x14 ./Core/Src/stm32f1xx_it.o
                0x08000cb8                TIM1_UP_IRQHandler
 .text._sbrk    0x08000ccc       0x6c ./Core/Src/sysmem.o
                0x08000ccc                _sbrk
 .text.SystemInit
                0x08000d38        0xc ./Core/Src/system_stm32f1xx.o
                0x08000d38                SystemInit
 .text.DHT22_Task
                0x08000d44       0x6c ./Core/Src/tasks/task_dht22.o
                0x08000d44                DHT22_Task
 .text.Display_Task
                0x08000db0       0x74 ./Core/Src/tasks/task_display.o
                0x08000db0                Display_Task
 .text.HCSR04_Task
                0x08000e24       0x50 ./Core/Src/tasks/task_hcsr04.o
                0x08000e24                HCSR04_Task
 .text.UART_Task
                0x08000e74      0x1d8 ./Core/Src/tasks/task_uart.o
                0x08000e74                UART_Task
 .text.Reset_Handler
                0x0800104c       0x48 ./Core/Startup/startup_stm32f103c8tx.o
                0x0800104c                Reset_Handler
 .text.Default_Handler
                0x08001094        0x2 ./Core/Startup/startup_stm32f103c8tx.o
                0x08001094                RTC_Alarm_IRQHandler
                0x08001094                EXTI2_IRQHandler
                0x08001094                TIM1_CC_IRQHandler
                0x08001094                PVD_IRQHandler
                0x08001094                EXTI3_IRQHandler
                0x08001094                EXTI0_IRQHandler
                0x08001094                I2C2_EV_IRQHandler
                0x08001094                ADC1_2_IRQHandler
                0x08001094                SPI1_IRQHandler
                0x08001094                TAMPER_IRQHandler
                0x08001094                DMA1_Channel4_IRQHandler
                0x08001094                USART3_IRQHandler
                0x08001094                RTC_IRQHandler
                0x08001094                DMA1_Channel7_IRQHandler
                0x08001094                CAN1_RX1_IRQHandler
                0x08001094                TIM4_IRQHandler
                0x08001094                I2C1_EV_IRQHandler
                0x08001094                DMA1_Channel6_IRQHandler
                0x08001094                TIM3_IRQHandler
                0x08001094                RCC_IRQHandler
                0x08001094                TIM1_TRG_COM_IRQHandler
                0x08001094                DMA1_Channel1_IRQHandler
                0x08001094                Default_Handler
                0x08001094                EXTI15_10_IRQHandler
                0x08001094                EXTI9_5_IRQHandler
                0x08001094                SPI2_IRQHandler
                0x08001094                DMA1_Channel5_IRQHandler
                0x08001094                EXTI4_IRQHandler
                0x08001094                USB_LP_CAN1_RX0_IRQHandler
                0x08001094                USB_HP_CAN1_TX_IRQHandler
                0x08001094                DMA1_Channel3_IRQHandler
                0x08001094                WWDG_IRQHandler
                0x08001094                TIM2_IRQHandler
                0x08001094                TIM1_BRK_IRQHandler
                0x08001094                EXTI1_IRQHandler
                0x08001094                USART2_IRQHandler
                0x08001094                I2C2_ER_IRQHandler
                0x08001094                DMA1_Channel2_IRQHandler
                0x08001094                CAN1_SCE_IRQHandler
                0x08001094                FLASH_IRQHandler
                0x08001094                USART1_IRQHandler
                0x08001094                I2C1_ER_IRQHandler
                0x08001094                USBWakeUp_IRQHandler
 .text.HAL_TIM_IRQHandler
                0x08001096      0x1e0 ./Drivers/STM32F1xx_HAL_Driver/Src/stm32f1xx_hal_tim.o
                0x08001096                HAL_TIM_IRQHandler
 .text.HAL_TIM_PeriodElapsedCallback
                0x08001276       0x12 ./Drivers/STM32F1xx_HAL_Driver/Src/stm32f1xx_hal_tim.o
                0x08001276                HAL_TIM_PeriodElapsedCallback
 .text.HAL_TIM_OC_DelayElapsedCallback
                0x08001288       0x12 ./Drivers/STM32F1xx_HAL_Driver/Src/stm32f1xx_hal_tim.o
                0x08001288                HAL_TIM_OC_DelayElapsedCallback
 .text.HAL_TIM_IC_CaptureCallback
                0x0800129a       0x12 ./Drivers/STM32F1xx_HAL_Driver/Src/stm32f1xx_hal_tim.o
                0x0800129a                HAL_TIM_IC_CaptureCallback
 .text.HAL_TIM_PWM_PulseFinishedCallback
                0x080012ac       0x12 ./Drivers/STM32F1xx_HAL_Driver/Src/stm32f1xx_hal_tim.o
                0x080012ac                HAL_TIM_PWM_PulseFinishedCallback
 .text.HAL_TIM_TriggerCallback
                0x080012be       0x12 ./Drivers/STM32F1xx_HAL_Driver/Src/stm32f1xx_hal_tim.o
                0x080012be                HAL_TIM_TriggerCallback
 .text.HAL_TIMEx_CommutCallback
                0x080012d0       0x12 ./Drivers/STM32F1xx_HAL_Driver/Src/stm32f1xx_hal_tim_ex.o
                0x080012d0                HAL_TIMEx_CommutCallback
 .text.HAL_TIMEx_BreakCallback
                0x080012e2       0x12 ./Drivers/STM32F1xx_HAL_Driver/Src/stm32f1xx_hal_tim_ex.o
                0x080012e2                HAL_TIMEx_BreakCallback
 .text.makeFreeRtosPriority
                0x080012f4       0x2e ./Middlewares/Third_Party/FreeRTOS/Source/CMSIS_RTOS/cmsis_os.o
 .text.osKernelStart
                0x08001322        0xe ./Middlewares/Third_Party/FreeRTOS/Source/CMSIS_RTOS/cmsis_os.o
                0x08001322                osKernelStart
 .text.osThreadCreate
                0x08001330       0x98 ./Middlewares/Third_Party/FreeRTOS/Source/CMSIS_RTOS/cmsis_os.o
                0x08001330                osThreadCreate
 .text.osDelay  0x080013c8       0x28 ./Middlewares/Third_Party/FreeRTOS/Source/CMSIS_RTOS/cmsis_os.o
                0x080013c8                osDelay
 .text.vListInitialise
                0x080013f0       0x3e ./Middlewares/Third_Party/FreeRTOS/Source/list.o
                0x080013f0                vListInitialise
 .text.vListInitialiseItem
                0x0800142e       0x18 ./Middlewares/Third_Party/FreeRTOS/Source/list.o
                0x0800142e                vListInitialiseItem
 .text.vListInsertEnd
                0x08001446       0x46 ./Middlewares/Third_Party/FreeRTOS/Source/list.o
                0x08001446                vListInsertEnd
 .text.vListInsert
                0x0800148c       0x70 ./Middlewares/Third_Party/FreeRTOS/Source/list.o
                0x0800148c                vListInsert
 .text.uxListRemove
                0x080014fc       0x52 ./Middlewares/Third_Party/FreeRTOS/Source/list.o
                0x080014fc                uxListRemove
 .text.xTaskCreateStatic
                0x0800154e       0xc0 ./Middlewares/Third_Party/FreeRTOS/Source/tasks.o
                0x0800154e                xTaskCreateStatic
 .text.xTaskCreate
                0x0800160e       0x8a ./Middlewares/Third_Party/FreeRTOS/Source/tasks.o
                0x0800160e                xTaskCreate
 .text.prvInitialiseNewTask
                0x08001698      0x110 ./Middlewares/Third_Party/FreeRTOS/Source/tasks.o
 .text.prvAddNewTaskToReadyList
                0x080017a8       0xd4 ./Middlewares/Third_Party/FreeRTOS/Source/tasks.o
 .text.vTaskDelay
                0x0800187c       0x6c ./Middlewares/Third_Party/FreeRTOS/Source/tasks.o
                0x0800187c                vTaskDelay
 .text.vTaskStartScheduler
                0x080018e8       0xc4 ./Middlewares/Third_Party/FreeRTOS/Source/tasks.o
                0x080018e8                vTaskStartScheduler
 .text.vTaskSuspendAll
                0x080019ac       0x1c ./Middlewares/Third_Party/FreeRTOS/Source/tasks.o
                0x080019ac                vTaskSuspendAll
 .text.xTaskResumeAll
                0x080019c8      0x13c ./Middlewares/Third_Party/FreeRTOS/Source/tasks.o
                0x080019c8                xTaskResumeAll
 .text.xTaskIncrementTick
                0x08001b04      0x174 ./Middlewares/Third_Party/FreeRTOS/Source/tasks.o
                0x08001b04                xTaskIncrementTick
 .text.vTaskSwitchContext
                0x08001c78       0xb8 ./Middlewares/Third_Party/FreeRTOS/Source/tasks.o
                0x08001c78                vTaskSwitchContext
 .text.prvIdleTask
                0x08001d30       0x30 ./Middlewares/Third_Party/FreeRTOS/Source/tasks.o
 .text.prvInitialiseTaskLists
                0x08001d60       0x80 ./Middlewares/Third_Party/FreeRTOS/Source/tasks.o
 .text.prvCheckTasksWaitingTermination
                0x08001de0       0x5c ./Middlewares/Third_Party/FreeRTOS/Source/tasks.o
 .text.prvDeleteTCB
                0x08001e3c       0x60 ./Middlewares/Third_Party/FreeRTOS/Source/tasks.o
 .text.prvResetNextTaskUnblockTime
                0x08001e9c       0x40 ./Middlewares/Third_Party/FreeRTOS/Source/tasks.o
 .text.prvAddCurrentTaskToDelayedList
                0x08001edc       0xcc ./Middlewares/Third_Party/FreeRTOS/Source/tasks.o
 .text.pxPortInitialiseStack
                0x08001fa8       0x58 ./Middlewares/Third_Party/FreeRTOS/Source/portable/GCC/ARM_CM3/port.o
                0x08001fa8                pxPortInitialiseStack
 .text.prvTaskExitError
                0x08002000       0x58 ./Middlewares/Third_Party/FreeRTOS/Source/portable/GCC/ARM_CM3/port.o
 *fill*         0x08002058        0x8 
 .text.SVC_Handler
                0x08002060       0x28 ./Middlewares/Third_Party/FreeRTOS/Source/portable/GCC/ARM_CM3/port.o
                0x08002060                SVC_Handler
 .text.prvPortStartFirstTask
                0x08002088       0x20 ./Middlewares/Third_Party/FreeRTOS/Source/portable/GCC/ARM_CM3/port.o
 .text.xPortStartScheduler
                0x080020a8       0xe4 ./Middlewares/Third_Party/FreeRTOS/Source/portable/GCC/ARM_CM3/port.o
                0x080020a8                xPortStartScheduler
 .text.vPortEnterCritical
                0x0800218c       0x60 ./Middlewares/Third_Party/FreeRTOS/Source/portable/GCC/ARM_CM3/port.o
                0x0800218c                vPortEnterCritical
 .text.vPortExitCritical
                0x080021ec       0x54 ./Middlewares/Third_Party/FreeRTOS/Source/portable/GCC/ARM_CM3/port.o
                0x080021ec                vPortExitCritical
 .text.PendSV_Handler
                0x08002240       0x48 ./Middlewares/Third_Party/FreeRTOS/Source/portable/GCC/ARM_CM3/port.o
                0x08002240                PendSV_Handler
 .text.SysTick_Handler
                0x08002288       0x44 ./Middlewares/Third_Party/FreeRTOS/Source/portable/GCC/ARM_CM3/port.o
                0x08002288                SysTick_Handler
 .text.vPortSetupTimerInterrupt
                0x080022cc       0x44 ./Middlewares/Third_Party/FreeRTOS/Source/portable/GCC/ARM_CM3/port.o
                0x080022cc                vPortSetupTimerInterrupt
 .text.pvPortMalloc
                0x08002310      0x19c ./Middlewares/Third_Party/FreeRTOS/Source/portable/MemMang/heap_4.o
                0x08002310                pvPortMalloc
 .text.vPortFree
                0x080024ac       0xc8 ./Middlewares/Third_Party/FreeRTOS/Source/portable/MemMang/heap_4.o
                0x080024ac                vPortFree
 .text.prvHeapInit
                0x08002574       0xc4 ./Middlewares/Third_Party/FreeRTOS/Source/portable/MemMang/heap_4.o
 .text.prvInsertBlockIntoFreeList
                0x08002638       0xb0 ./Middlewares/Third_Party/FreeRTOS/Source/portable/MemMang/heap_4.o
 .text.sprintf  0x080026e8       0x40 C:/ST/STM32CubeIDE_1.17.0/STM32CubeIDE/plugins/com.st.stm32cube.ide.mcu.externaltools.gnu-tools-for-stm32.12.3.rel1.win32_1.1.0.202410251130/tools/bin/../lib/gcc/arm-none-eabi/12.3.1/../../../../arm-none-eabi/lib/thumb/v7-m/nofp\libc_nano.a(libc_a-sprintf.o)
                0x080026e8                siprintf
                0x080026e8                sprintf
 .text.memset   0x08002728       0x10 C:/ST/STM32CubeIDE_1.17.0/STM32CubeIDE/plugins/com.st.stm32cube.ide.mcu.externaltools.gnu-tools-for-stm32.12.3.rel1.win32_1.1.0.202410251130/tools/bin/../lib/gcc/arm-none-eabi/12.3.1/../../../../arm-none-eabi/lib/thumb/v7-m/nofp\libc_nano.a(libc_a-memset.o)
                0x08002728                memset
 .text.__errno  0x08002738        0xc C:/ST/STM32CubeIDE_1.17.0/STM32CubeIDE/plugins/com.st.stm32cube.ide.mcu.externaltools.gnu-tools-for-stm32.12.3.rel1.win32_1.1.0.202410251130/tools/bin/../lib/gcc/arm-none-eabi/12.3.1/../../../../arm-none-eabi/lib/thumb/v7-m/nofp\libc_nano.a(libc_a-errno.o)
                0x08002738                __errno
 .text.__libc_init_array
                0x08002744       0x48 C:/ST/STM32CubeIDE_1.17.0/STM32CubeIDE/plugins/com.st.stm32cube.ide.mcu.externaltools.gnu-tools-for-stm32.12.3.rel1.win32_1.1.0.202410251130/tools/bin/../lib/gcc/arm-none-eabi/12.3.1/../../../../arm-none-eabi/lib/thumb/v7-m/nofp\libc_nano.a(libc_a-init.o)
                0x08002744                __libc_init_array
 .text.__retarget_lock_acquire_recursive
                0x0800278c        0x2 C:/ST/STM32CubeIDE_1.17.0/STM32CubeIDE/plugins/com.st.stm32cube.ide.mcu.externaltools.gnu-tools-for-stm32.12.3.rel1.win32_1.1.0.202410251130/tools/bin/../lib/gcc/arm-none-eabi/12.3.1/../../../../arm-none-eabi/lib/thumb/v7-m/nofp\libc_nano.a(libc_a-lock.o)
                0x0800278c                __retarget_lock_acquire_recursive
 .text.__retarget_lock_release_recursive
                0x0800278e        0x2 C:/ST/STM32CubeIDE_1.17.0/STM32CubeIDE/plugins/com.st.stm32cube.ide.mcu.externaltools.gnu-tools-for-stm32.12.3.rel1.win32_1.1.0.202410251130/tools/bin/../lib/gcc/arm-none-eabi/12.3.1/../../../../arm-none-eabi/lib/thumb/v7-m/nofp\libc_nano.a(libc_a-lock.o)
                0x0800278e                __retarget_lock_release_recursive
 .text.memcpy   0x08002790       0x1c C:/ST/STM32CubeIDE_1.17.0/STM32CubeIDE/plugins/com.st.stm32cube.ide.mcu.externaltools.gnu-tools-for-stm32.12.3.rel1.win32_1.1.0.202410251130/tools/bin/../lib/gcc/arm-none-eabi/12.3.1/../../../../arm-none-eabi/lib/thumb/v7-m/nofp\libc_nano.a(libc_a-memcpy-stub.o)
                0x08002790                memcpy
 .text._free_r  0x080027ac       0x90 C:/ST/STM32CubeIDE_1.17.0/STM32CubeIDE/plugins/com.st.stm32cube.ide.mcu.externaltools.gnu-tools-for-stm32.12.3.rel1.win32_1.1.0.202410251130/tools/bin/../lib/gcc/arm-none-eabi/12.3.1/../../../../arm-none-eabi/lib/thumb/v7-m/nofp\libc_nano.a(libc_a-freer.o)
                0x080027ac                _free_r
 .text.sbrk_aligned
                0x0800283c       0x44 C:/ST/STM32CubeIDE_1.17.0/STM32CubeIDE/plugins/com.st.stm32cube.ide.mcu.externaltools.gnu-tools-for-stm32.12.3.rel1.win32_1.1.0.202410251130/tools/bin/../lib/gcc/arm-none-eabi/12.3.1/../../../../arm-none-eabi/lib/thumb/v7-m/nofp\libc_nano.a(libc_a-mallocr.o)
 .text._malloc_r
                0x08002880      0x100 C:/ST/STM32CubeIDE_1.17.0/STM32CubeIDE/plugins/com.st.stm32cube.ide.mcu.externaltools.gnu-tools-for-stm32.12.3.rel1.win32_1.1.0.202410251130/tools/bin/../lib/gcc/arm-none-eabi/12.3.1/../../../../arm-none-eabi/lib/thumb/v7-m/nofp\libc_nano.a(libc_a-mallocr.o)
                0x08002880                _malloc_r
 .text.__malloc_lock
                0x08002980        0xc C:/ST/STM32CubeIDE_1.17.0/STM32CubeIDE/plugins/com.st.stm32cube.ide.mcu.externaltools.gnu-tools-for-stm32.12.3.rel1.win32_1.1.0.202410251130/tools/bin/../lib/gcc/arm-none-eabi/12.3.1/../../../../arm-none-eabi/lib/thumb/v7-m/nofp\libc_nano.a(libc_a-mlock.o)
                0x08002980                __malloc_lock
 .text.__malloc_unlock
                0x0800298c        0xc C:/ST/STM32CubeIDE_1.17.0/STM32CubeIDE/plugins/com.st.stm32cube.ide.mcu.externaltools.gnu-tools-for-stm32.12.3.rel1.win32_1.1.0.202410251130/tools/bin/../lib/gcc/arm-none-eabi/12.3.1/../../../../arm-none-eabi/lib/thumb/v7-m/nofp\libc_nano.a(libc_a-mlock.o)
                0x0800298c                __malloc_unlock
 .text.__ssputs_r
                0x08002998       0xb6 C:/ST/STM32CubeIDE_1.17.0/STM32CubeIDE/plugins/com.st.stm32cube.ide.mcu.externaltools.gnu-tools-for-stm32.12.3.rel1.win32_1.1.0.202410251130/tools/bin/../lib/gcc/arm-none-eabi/12.3.1/../../../../arm-none-eabi/lib/thumb/v7-m/nofp\libc_nano.a(libc_a-nano-svfprintf.o)
                0x08002998                __ssputs_r
 *fill*         0x08002a4e        0x2 
 .text._svfprintf_r
                0x08002a50      0x1f8 C:/ST/STM32CubeIDE_1.17.0/STM32CubeIDE/plugins/com.st.stm32cube.ide.mcu.externaltools.gnu-tools-for-stm32.12.3.rel1.win32_1.1.0.202410251130/tools/bin/../lib/gcc/arm-none-eabi/12.3.1/../../../../arm-none-eabi/lib/thumb/v7-m/nofp\libc_nano.a(libc_a-nano-svfprintf.o)
                0x08002a50                _svfiprintf_r
                0x08002a50                _svfprintf_r
 .text._printf_common
                0x08002c48       0xe4 C:/ST/STM32CubeIDE_1.17.0/STM32CubeIDE/plugins/com.st.stm32cube.ide.mcu.externaltools.gnu-tools-for-stm32.12.3.rel1.win32_1.1.0.202410251130/tools/bin/../lib/gcc/arm-none-eabi/12.3.1/../../../../arm-none-eabi/lib/thumb/v7-m/nofp\libc_nano.a(libc_a-nano-vfprintf_i.o)
                0x08002c48                _printf_common
 .text._printf_i
                0x08002d2c      0x240 C:/ST/STM32CubeIDE_1.17.0/STM32CubeIDE/plugins/com.st.stm32cube.ide.mcu.externaltools.gnu-tools-for-stm32.12.3.rel1.win32_1.1.0.202410251130/tools/bin/../lib/gcc/arm-none-eabi/12.3.1/../../../../arm-none-eabi/lib/thumb/v7-m/nofp\libc_nano.a(libc_a-nano-vfprintf_i.o)
                0x08002d2c                _printf_i
 .text.memmove  0x08002f6c       0x34 C:/ST/STM32CubeIDE_1.17.0/STM32CubeIDE/plugins/com.st.stm32cube.ide.mcu.externaltools.gnu-tools-for-stm32.12.3.rel1.win32_1.1.0.202410251130/tools/bin/../lib/gcc/arm-none-eabi/12.3.1/../../../../arm-none-eabi/lib/thumb/v7-m/nofp\libc_nano.a(libc_a-memmove.o)
                0x08002f6c                memmove
 .text._sbrk_r  0x08002fa0       0x20 C:/ST/STM32CubeIDE_1.17.0/STM32CubeIDE/plugins/com.st.stm32cube.ide.mcu.externaltools.gnu-tools-for-stm32.12.3.rel1.win32_1.1.0.202410251130/tools/bin/../lib/gcc/arm-none-eabi/12.3.1/../../../../arm-none-eabi/lib/thumb/v7-m/nofp\libc_nano.a(libc_a-sbrkr.o)
                0x08002fa0                _sbrk_r
 .text.memchr   0x08002fc0       0x1c C:/ST/STM32CubeIDE_1.17.0/STM32CubeIDE/plugins/com.st.stm32cube.ide.mcu.externaltools.gnu-tools-for-stm32.12.3.rel1.win32_1.1.0.202410251130/tools/bin/../lib/gcc/arm-none-eabi/12.3.1/../../../../arm-none-eabi/lib/thumb/v7-m/nofp\libc_nano.a(libc_a-memchr-stub.o)
                0x08002fc0                memchr
 .text._realloc_r
                0x08002fdc       0x5c C:/ST/STM32CubeIDE_1.17.0/STM32CubeIDE/plugins/com.st.stm32cube.ide.mcu.externaltools.gnu-tools-for-stm32.12.3.rel1.win32_1.1.0.202410251130/tools/bin/../lib/gcc/arm-none-eabi/12.3.1/../../../../arm-none-eabi/lib/thumb/v7-m/nofp\libc_nano.a(libc_a-reallocr.o)
                0x08002fdc                _realloc_r
 .text._malloc_usable_size_r
                0x08003038       0x10 C:/ST/STM32CubeIDE_1.17.0/STM32CubeIDE/plugins/com.st.stm32cube.ide.mcu.externaltools.gnu-tools-for-stm32.12.3.rel1.win32_1.1.0.202410251130/tools/bin/../lib/gcc/arm-none-eabi/12.3.1/../../../../arm-none-eabi/lib/thumb/v7-m/nofp\libc_nano.a(libc_a-msizer.o)
                0x08003038                _malloc_usable_size_r
 *(.glue_7)
 .glue_7        0x08003048        0x0 linker stubs
 *(.glue_7t)
 .glue_7t       0x08003048        0x0 linker stubs
 *(.eh_frame)
 .eh_frame      0x08003048        0x0 C:/ST/STM32CubeIDE_1.17.0/STM32CubeIDE/plugins/com.st.stm32cube.ide.mcu.externaltools.gnu-tools-for-stm32.12.3.rel1.win32_1.1.0.202410251130/tools/bin/../lib/gcc/arm-none-eabi/12.3.1/thumb/v7-m/nofp/crtbegin.o
 *(.init)
 .init          0x08003048        0x4 C:/ST/STM32CubeIDE_1.17.0/STM32CubeIDE/plugins/com.st.stm32cube.ide.mcu.externaltools.gnu-tools-for-stm32.12.3.rel1.win32_1.1.0.202410251130/tools/bin/../lib/gcc/arm-none-eabi/12.3.1/thumb/v7-m/nofp/crti.o
                0x08003048                _init
 .init          0x0800304c        0x8 C:/ST/STM32CubeIDE_1.17.0/STM32CubeIDE/plugins/com.st.stm32cube.ide.mcu.externaltools.gnu-tools-for-stm32.12.3.rel1.win32_1.1.0.202410251130/tools/bin/../lib/gcc/arm-none-eabi/12.3.1/thumb/v7-m/nofp/crtn.o
 *(.fini)
 .fini          0x08003054        0x4 C:/ST/STM32CubeIDE_1.17.0/STM32CubeIDE/plugins/com.st.stm32cube.ide.mcu.externaltools.gnu-tools-for-stm32.12.3.rel1.win32_1.1.0.202410251130/tools/bin/../lib/gcc/arm-none-eabi/12.3.1/thumb/v7-m/nofp/crti.o
                0x08003054                _fini
 .fini          0x08003058        0x8 C:/ST/STM32CubeIDE_1.17.0/STM32CubeIDE/plugins/com.st.stm32cube.ide.mcu.externaltools.gnu-tools-for-stm32.12.3.rel1.win32_1.1.0.202410251130/tools/bin/../lib/gcc/arm-none-eabi/12.3.1/thumb/v7-m/nofp/crtn.o
                0x08003060                        . = ALIGN (0x4)
                0x08003060                        _etext = .

.vfp11_veneer   0x08003060        0x0
 .vfp11_veneer  0x08003060        0x0 linker stubs

.v4_bx          0x08003060        0x0
 .v4_bx         0x08003060        0x0 linker stubs

.iplt           0x08003060        0x0
 .iplt          0x08003060        0x0 C:/ST/STM32CubeIDE_1.17.0/STM32CubeIDE/plugins/com.st.stm32cube.ide.mcu.externaltools.gnu-tools-for-stm32.12.3.rel1.win32_1.1.0.202410251130/tools/bin/../lib/gcc/arm-none-eabi/12.3.1/thumb/v7-m/nofp/crtbegin.o

.rodata         0x08003060      0x5cc
                0x08003060                        . = ALIGN (0x4)
 *(.rodata)
 .rodata        0x08003060       0xf9 ./Core/Src/drivers/dht22-driver.o
 *fill*         0x08003159        0x3 
 .rodata        0x0800315c       0xb4 ./Core/Src/main.o
 .rodata        0x08003210       0x30 ./Core/Src/tasks/task_dht22.o
 .rodata        0x08003240       0x27 ./Core/Src/tasks/task_display.o
 *fill*         0x08003267        0x1 
 .rodata        0x08003268       0x2b ./Core/Src/tasks/task_hcsr04.o
 *fill*         0x08003293        0x1 
 .rodata        0x08003294      0x116 ./Core/Src/tasks/task_uart.o
 *fill*         0x080033aa        0x2 
 .rodata        0x080033ac        0x5 ./Middlewares/Third_Party/FreeRTOS/Source/tasks.o
 *(.rodata*)
 *fill*         0x080033b1        0x3 
 .rodata.Font6x8
                0x080033b4      0x245 ./Core/Src/drivers/ssd1306_font6x8.o
                0x080033b4                Font6x8
 .rodata._svfprintf_r.str1.1
                0x080035f9       0x11 C:/ST/STM32CubeIDE_1.17.0/STM32CubeIDE/plugins/com.st.stm32cube.ide.mcu.externaltools.gnu-tools-for-stm32.12.3.rel1.win32_1.1.0.202410251130/tools/bin/../lib/gcc/arm-none-eabi/12.3.1/../../../../arm-none-eabi/lib/thumb/v7-m/nofp\libc_nano.a(libc_a-nano-svfprintf.o)
 .rodata._printf_i.str1.1
                0x0800360a       0x22 C:/ST/STM32CubeIDE_1.17.0/STM32CubeIDE/plugins/com.st.stm32cube.ide.mcu.externaltools.gnu-tools-for-stm32.12.3.rel1.win32_1.1.0.202410251130/tools/bin/../lib/gcc/arm-none-eabi/12.3.1/../../../../arm-none-eabi/lib/thumb/v7-m/nofp\libc_nano.a(libc_a-nano-vfprintf_i.o)
                0x0800362c                        . = ALIGN (0x4)

.ARM.extab      0x0800362c        0x0
                0x0800362c                        . = ALIGN (0x4)
 *(.ARM.extab* .gnu.linkonce.armextab.*)
                0x0800362c                        . = ALIGN (0x4)

.ARM            0x0800362c        0x8
                0x0800362c                        . = ALIGN (0x4)
                0x0800362c                        __exidx_start = .
 *(.ARM.exidx*)
 .ARM.exidx     0x0800362c        0x8 C:/ST/STM32CubeIDE_1.17.0/STM32CubeIDE/plugins/com.st.stm32cube.ide.mcu.externaltools.gnu-tools-for-stm32.12.3.rel1.win32_1.1.0.202410251130/tools/bin/../lib/gcc/arm-none-eabi/12.3.1/../../../../arm-none-eabi/lib/thumb/v7-m/nofp\libc_nano.a(libc_a-strcmp.o)
                0x08003634                        __exidx_end = .
                0x08003634                        . = ALIGN (0x4)

.preinit_array  0x08003634        0x0
                0x08003634                        . = ALIGN (0x4)
                0x08003634                        PROVIDE (__preinit_array_start = .)
 *(.preinit_array*)
                0x08003634                        PROVIDE (__preinit_array_end = .)
                0x08003634                        . = ALIGN (0x4)

.init_array     0x08003634        0x4
                0x08003634                        . = ALIGN (0x4)
                0x08003634                        PROVIDE (__init_array_start = .)
 *(SORT_BY_NAME(.init_array.*))
 *(.init_array*)
 .init_array    0x08003634        0x4 C:/ST/STM32CubeIDE_1.17.0/STM32CubeIDE/plugins/com.st.stm32cube.ide.mcu.externaltools.gnu-tools-for-stm32.12.3.rel1.win32_1.1.0.202410251130/tools/bin/../lib/gcc/arm-none-eabi/12.3.1/thumb/v7-m/nofp/crtbegin.o
                0x08003638                        PROVIDE (__init_array_end = .)
                0x08003638                        . = ALIGN (0x4)

.fini_array     0x08003638        0x4
                0x08003638                        . = ALIGN (0x4)
                [!provide]                        PROVIDE (__fini_array_start = .)
 *(SORT_BY_NAME(.fini_array.*))
 *(.fini_array*)
 .fini_array    0x08003638        0x4 C:/ST/STM32CubeIDE_1.17.0/STM32CubeIDE/plugins/com.st.stm32cube.ide.mcu.externaltools.gnu-tools-for-stm32.12.3.rel1.win32_1.1.0.202410251130/tools/bin/../lib/gcc/arm-none-eabi/12.3.1/thumb/v7-m/nofp/crtbegin.o
                [!provide]                        PROVIDE (__fini_array_end = .)
                0x0800363c                        . = ALIGN (0x4)
                0x0800363c                        _sidata = LOADADDR (.data)

.rel.dyn        0x0800363c        0x0
 .rel.iplt      0x0800363c        0x0 C:/ST/STM32CubeIDE_1.17.0/STM32CubeIDE/plugins/com.st.stm32cube.ide.mcu.externaltools.gnu-tools-for-stm32.12.3.rel1.win32_1.1.0.202410251130/tools/bin/../lib/gcc/arm-none-eabi/12.3.1/thumb/v7-m/nofp/crtbegin.o

.data           0x20000000       0x58 load address 0x0800363c
                0x20000000                        . = ALIGN (0x4)
                0x20000000                        _sdata = .
 *(.data)
 *(.data*)
 .data.SystemCoreClock
                0x20000000        0x4 ./Core/Src/system_stm32f1xx.o
                0x20000000                SystemCoreClock
 .data.uxCriticalNesting
                0x20000004        0x4 ./Middlewares/Third_Party/FreeRTOS/Source/portable/GCC/ARM_CM3/port.o
 .data._impure_ptr
                0x20000008        0x4 C:/ST/STM32CubeIDE_1.17.0/STM32CubeIDE/plugins/com.st.stm32cube.ide.mcu.externaltools.gnu-tools-for-stm32.12.3.rel1.win32_1.1.0.202410251130/tools/bin/../lib/gcc/arm-none-eabi/12.3.1/../../../../arm-none-eabi/lib/thumb/v7-m/nofp\libc_nano.a(libc_a-impure.o)
                0x20000008                _impure_ptr
 .data._impure_data
                0x2000000c       0x4c C:/ST/STM32CubeIDE_1.17.0/STM32CubeIDE/plugins/com.st.stm32cube.ide.mcu.externaltools.gnu-tools-for-stm32.12.3.rel1.win32_1.1.0.202410251130/tools/bin/../lib/gcc/arm-none-eabi/12.3.1/../../../../arm-none-eabi/lib/thumb/v7-m/nofp\libc_nano.a(libc_a-impure.o)
                0x2000000c                _impure_data
 *(.RamFunc)
 *(.RamFunc*)
                0x20000058                        . = ALIGN (0x4)
                0x20000058                        _edata = .

.igot.plt       0x20000058        0x0 load address 0x08003694
 .igot.plt      0x20000058        0x0 C:/ST/STM32CubeIDE_1.17.0/STM32CubeIDE/plugins/com.st.stm32cube.ide.mcu.externaltools.gnu-tools-for-stm32.12.3.rel1.win32_1.1.0.202410251130/tools/bin/../lib/gcc/arm-none-eabi/12.3.1/thumb/v7-m/nofp/crtbegin.o
                0x20000058                        . = ALIGN (0x4)

.bss            0x20000058     0x138c load address 0x08003694
                0x20000058                        _sbss = .
                0x20000058                        __bss_start__ = _sbss
 *(.bss)
 .bss           0x20000058       0x1c C:/ST/STM32CubeIDE_1.17.0/STM32CubeIDE/plugins/com.st.stm32cube.ide.mcu.externaltools.gnu-tools-for-stm32.12.3.rel1.win32_1.1.0.202410251130/tools/bin/../lib/gcc/arm-none-eabi/12.3.1/thumb/v7-m/nofp/crtbegin.o
 *(.bss*)
 .bss.buffer    0x20000074      0x200 ./Core/Src/drivers/ssd1306-i2c-driver.o
 .bss.xIdleTaskTCBBuffer
                0x20000274       0x54 ./Core/Src/freertos.o
 .bss.xIdleStack
                0x200002c8      0x200 ./Core/Src/freertos.o
 .bss.uartTaskHandle
                0x200004c8        0x4 ./Core/Src/main.o
                0x200004c8                uartTaskHandle
 .bss.htim1     0x200004cc       0x48 ./Core/Src/stm32f1xx_hal_timebase_tim.o
                0x200004cc                htim1
 .bss.__sbrk_heap_end
                0x20000514        0x4 ./Core/Src/sysmem.o
 .bss.dht22TaskHandle
                0x20000518        0x4 ./Core/Src/tasks/task_dht22.o
                0x20000518                dht22TaskHandle
 .bss.displayTaskHandle
                0x2000051c        0x4 ./Core/Src/tasks/task_display.o
                0x2000051c                displayTaskHandle
 .bss.hcsr04TaskHandle
                0x20000520        0x4 ./Core/Src/tasks/task_hcsr04.o
                0x20000520                hcsr04TaskHandle
 .bss.rx_buffer
                0x20000524       0x20 ./Core/Src/tasks/task_uart.o
                0x20000524                rx_buffer
 .bss.rx_index  0x20000544        0x1 ./Core/Src/tasks/task_uart.o
                0x20000544                rx_index
 .bss.temperature
                0x20000545        0x1 ./Core/Src/tasks/task_uart.o
                0x20000545                temperature
 .bss.humidity  0x20000546        0x1 ./Core/Src/tasks/task_uart.o
                0x20000546                humidity
 *fill*         0x20000547        0x1 
 .bss.pxCurrentTCB
                0x20000548        0x4 ./Middlewares/Third_Party/FreeRTOS/Source/tasks.o
                0x20000548                pxCurrentTCB
 .bss.pxReadyTasksLists
                0x2000054c       0x8c ./Middlewares/Third_Party/FreeRTOS/Source/tasks.o
 .bss.xDelayedTaskList1
                0x200005d8       0x14 ./Middlewares/Third_Party/FreeRTOS/Source/tasks.o
 .bss.xDelayedTaskList2
                0x200005ec       0x14 ./Middlewares/Third_Party/FreeRTOS/Source/tasks.o
 .bss.pxDelayedTaskList
                0x20000600        0x4 ./Middlewares/Third_Party/FreeRTOS/Source/tasks.o
 .bss.pxOverflowDelayedTaskList
                0x20000604        0x4 ./Middlewares/Third_Party/FreeRTOS/Source/tasks.o
 .bss.xPendingReadyList
                0x20000608       0x14 ./Middlewares/Third_Party/FreeRTOS/Source/tasks.o
 .bss.xTasksWaitingTermination
                0x2000061c       0x14 ./Middlewares/Third_Party/FreeRTOS/Source/tasks.o
 .bss.uxDeletedTasksWaitingCleanUp
                0x20000630        0x4 ./Middlewares/Third_Party/FreeRTOS/Source/tasks.o
 .bss.xSuspendedTaskList
                0x20000634       0x14 ./Middlewares/Third_Party/FreeRTOS/Source/tasks.o
 .bss.uxCurrentNumberOfTasks
                0x20000648        0x4 ./Middlewares/Third_Party/FreeRTOS/Source/tasks.o
 .bss.xTickCount
                0x2000064c        0x4 ./Middlewares/Third_Party/FreeRTOS/Source/tasks.o
 .bss.uxTopReadyPriority
                0x20000650        0x4 ./Middlewares/Third_Party/FreeRTOS/Source/tasks.o
 .bss.xSchedulerRunning
                0x20000654        0x4 ./Middlewares/Third_Party/FreeRTOS/Source/tasks.o
 .bss.xPendedTicks
                0x20000658        0x4 ./Middlewares/Third_Party/FreeRTOS/Source/tasks.o
 .bss.xYieldPending
                0x2000065c        0x4 ./Middlewares/Third_Party/FreeRTOS/Source/tasks.o
 .bss.xNumOfOverflows
                0x20000660        0x4 ./Middlewares/Third_Party/FreeRTOS/Source/tasks.o
 .bss.uxTaskNumber
                0x20000664        0x4 ./Middlewares/Third_Party/FreeRTOS/Source/tasks.o
 .bss.xNextTaskUnblockTime
                0x20000668        0x4 ./Middlewares/Third_Party/FreeRTOS/Source/tasks.o
 .bss.xIdleTaskHandle
                0x2000066c        0x4 ./Middlewares/Third_Party/FreeRTOS/Source/tasks.o
 .bss.uxSchedulerSuspended
                0x20000670        0x4 ./Middlewares/Third_Party/FreeRTOS/Source/tasks.o
 .bss.ucMaxSysCallPriority
                0x20000674        0x1 ./Middlewares/Third_Party/FreeRTOS/Source/portable/GCC/ARM_CM3/port.o
 *fill*         0x20000675        0x3 
 .bss.ulMaxPRIGROUPValue
                0x20000678        0x4 ./Middlewares/Third_Party/FreeRTOS/Source/portable/GCC/ARM_CM3/port.o
 .bss.ucHeap    0x2000067c      0xc00 ./Middlewares/Third_Party/FreeRTOS/Source/portable/MemMang/heap_4.o
 .bss.xStart    0x2000127c        0x8 ./Middlewares/Third_Party/FreeRTOS/Source/portable/MemMang/heap_4.o
 .bss.pxEnd     0x20001284        0x4 ./Middlewares/Third_Party/FreeRTOS/Source/portable/MemMang/heap_4.o
 .bss.xFreeBytesRemaining
                0x20001288        0x4 ./Middlewares/Third_Party/FreeRTOS/Source/portable/MemMang/heap_4.o
 .bss.xMinimumEverFreeBytesRemaining
                0x2000128c        0x4 ./Middlewares/Third_Party/FreeRTOS/Source/portable/MemMang/heap_4.o
 .bss.xNumberOfSuccessfulAllocations
                0x20001290        0x4 ./Middlewares/Third_Party/FreeRTOS/Source/portable/MemMang/heap_4.o
 .bss.xNumberOfSuccessfulFrees
                0x20001294        0x4 ./Middlewares/Third_Party/FreeRTOS/Source/portable/MemMang/heap_4.o
 .bss.xBlockAllocatedBit
                0x20001298        0x4 ./Middlewares/Third_Party/FreeRTOS/Source/portable/MemMang/heap_4.o
 .bss.__sf      0x2000129c      0x138 C:/ST/STM32CubeIDE_1.17.0/STM32CubeIDE/plugins/com.st.stm32cube.ide.mcu.externaltools.gnu-tools-for-stm32.12.3.rel1.win32_1.1.0.202410251130/tools/bin/../lib/gcc/arm-none-eabi/12.3.1/../../../../arm-none-eabi/lib/thumb/v7-m/nofp\libc_nano.a(libc_a-findfp.o)
                0x2000129c                __sf
 .bss.errno     0x200013d4        0x4 C:/ST/STM32CubeIDE_1.17.0/STM32CubeIDE/plugins/com.st.stm32cube.ide.mcu.externaltools.gnu-tools-for-stm32.12.3.rel1.win32_1.1.0.202410251130/tools/bin/../lib/gcc/arm-none-eabi/12.3.1/../../../../arm-none-eabi/lib/thumb/v7-m/nofp\libc_nano.a(libc_a-reent.o)
                0x200013d4                errno
 .bss.__lock___malloc_recursive_mutex
                0x200013d8        0x1 C:/ST/STM32CubeIDE_1.17.0/STM32CubeIDE/plugins/com.st.stm32cube.ide.mcu.externaltools.gnu-tools-for-stm32.12.3.rel1.win32_1.1.0.202410251130/tools/bin/../lib/gcc/arm-none-eabi/12.3.1/../../../../arm-none-eabi/lib/thumb/v7-m/nofp\libc_nano.a(libc_a-lock.o)
                0x200013d8                __lock___malloc_recursive_mutex
 *fill*         0x200013d9        0x3 
 .bss.__malloc_sbrk_start
                0x200013dc        0x4 C:/ST/STM32CubeIDE_1.17.0/STM32CubeIDE/plugins/com.st.stm32cube.ide.mcu.externaltools.gnu-tools-for-stm32.12.3.rel1.win32_1.1.0.202410251130/tools/bin/../lib/gcc/arm-none-eabi/12.3.1/../../../../arm-none-eabi/lib/thumb/v7-m/nofp\libc_nano.a(libc_a-mallocr.o)
                0x200013dc                __malloc_sbrk_start
 .bss.__malloc_free_list
                0x200013e0        0x4 C:/ST/STM32CubeIDE_1.17.0/STM32CubeIDE/plugins/com.st.stm32cube.ide.mcu.externaltools.gnu-tools-for-stm32.12.3.rel1.win32_1.1.0.202410251130/tools/bin/../lib/gcc/arm-none-eabi/12.3.1/../../../../arm-none-eabi/lib/thumb/v7-m/nofp\libc_nano.a(libc_a-mallocr.o)
                0x200013e0                __malloc_free_list
 *(COMMON)
                0x200013e4                        . = ALIGN (0x4)
                0x200013e4                        _ebss = .
                0x200013e4                        __bss_end__ = _ebss

._user_heap_stack
                0x200013e4      0x604 load address 0x08003694
                0x200013e8                        . = ALIGN (0x8)
 *fill*         0x200013e4        0x4 
                [!provide]                        PROVIDE (end = .)
                0x200013e8                        PROVIDE (_end = .)
                0x200015e8                        . = (. + _Min_Heap_Size)
 *fill*         0x200013e8      0x200 
                0x200019e8                        . = (. + _Min_Stack_Size)
 *fill*         0x200015e8      0x400 
                0x200019e8                        . = ALIGN (0x8)

/DISCARD/
 libc.a(*)
 libm.a(*)
 libgcc.a(*)

.ARM.attributes
                0x00000000       0x29
 *(.ARM.attributes)
 .ARM.attributes
                0x00000000       0x1d C:/ST/STM32CubeIDE_1.17.0/STM32CubeIDE/plugins/com.st.stm32cube.ide.mcu.externaltools.gnu-tools-for-stm32.12.3.rel1.win32_1.1.0.202410251130/tools/bin/../lib/gcc/arm-none-eabi/12.3.1/thumb/v7-m/nofp/crti.o
 .ARM.attributes
                0x0000001d       0x2d C:/ST/STM32CubeIDE_1.17.0/STM32CubeIDE/plugins/com.st.stm32cube.ide.mcu.externaltools.gnu-tools-for-stm32.12.3.rel1.win32_1.1.0.202410251130/tools/bin/../lib/gcc/arm-none-eabi/12.3.1/thumb/v7-m/nofp/crtbegin.o
 .ARM.attributes
                0x0000004a       0x2d ./Core/Src/drivers/delay.o
 .ARM.attributes
                0x00000077       0x2d ./Core/Src/drivers/dht22-driver.o
 .ARM.attributes
                0x000000a4       0x2d ./Core/Src/drivers/gpio-driver.o
 .ARM.attributes
                0x000000d1       0x2d ./Core/Src/drivers/hc_sr04-driver.o
 .ARM.attributes
                0x000000fe       0x2d ./Core/Src/drivers/ssd1306-i2c-driver.o
 .ARM.attributes
                0x0000012b       0x2d ./Core/Src/drivers/ssd1306_font6x8.o
 .ARM.attributes
                0x00000158       0x2d ./Core/Src/drivers/systemclock_config.o
 .ARM.attributes
                0x00000185       0x2d ./Core/Src/drivers/uart-driver.o
 .ARM.attributes
                0x000001b2       0x2d ./Core/Src/freertos.o
 .ARM.attributes
                0x000001df       0x2d ./Core/Src/main.o
 .ARM.attributes
                0x0000020c       0x2d ./Core/Src/stm32f1xx_hal_timebase_tim.o
 .ARM.attributes
                0x00000239       0x2d ./Core/Src/stm32f1xx_it.o
 .ARM.attributes
                0x00000266       0x2d ./Core/Src/sysmem.o
 .ARM.attributes
                0x00000293       0x2d ./Core/Src/system_stm32f1xx.o
 .ARM.attributes
                0x000002c0       0x2d ./Core/Src/tasks/task_dht22.o
 .ARM.attributes
                0x000002ed       0x2d ./Core/Src/tasks/task_display.o
 .ARM.attributes
                0x0000031a       0x2d ./Core/Src/tasks/task_hcsr04.o
 .ARM.attributes
                0x00000347       0x2d ./Core/Src/tasks/task_uart.o
 .ARM.attributes
                0x00000374       0x21 ./Core/Startup/startup_stm32f103c8tx.o
 .ARM.attributes
                0x00000395       0x2d ./Drivers/STM32F1xx_HAL_Driver/Src/stm32f1xx_hal_tim.o
 .ARM.attributes
                0x000003c2       0x2d ./Drivers/STM32F1xx_HAL_Driver/Src/stm32f1xx_hal_tim_ex.o
 .ARM.attributes
                0x000003ef       0x2d ./Middlewares/Third_Party/FreeRTOS/Source/CMSIS_RTOS/cmsis_os.o
 .ARM.attributes
                0x0000041c       0x2d ./Middlewares/Third_Party/FreeRTOS/Source/list.o
 .ARM.attributes
                0x00000449       0x2d ./Middlewares/Third_Party/FreeRTOS/Source/tasks.o
 .ARM.attributes
                0x00000476       0x2d ./Middlewares/Third_Party/FreeRTOS/Source/portable/GCC/ARM_CM3/port.o
 .ARM.attributes
                0x000004a3       0x2d ./Middlewares/Third_Party/FreeRTOS/Source/portable/MemMang/heap_4.o
 .ARM.attributes
                0x000004d0       0x2d C:/ST/STM32CubeIDE_1.17.0/STM32CubeIDE/plugins/com.st.stm32cube.ide.mcu.externaltools.gnu-tools-for-stm32.12.3.rel1.win32_1.1.0.202410251130/tools/bin/../lib/gcc/arm-none-eabi/12.3.1/../../../../arm-none-eabi/lib/thumb/v7-m/nofp\libc_nano.a(libc_a-findfp.o)
 .ARM.attributes
                0x000004fd       0x2d C:/ST/STM32CubeIDE_1.17.0/STM32CubeIDE/plugins/com.st.stm32cube.ide.mcu.externaltools.gnu-tools-for-stm32.12.3.rel1.win32_1.1.0.202410251130/tools/bin/../lib/gcc/arm-none-eabi/12.3.1/../../../../arm-none-eabi/lib/thumb/v7-m/nofp\libc_nano.a(libc_a-sprintf.o)
 .ARM.attributes
                0x0000052a       0x2d C:/ST/STM32CubeIDE_1.17.0/STM32CubeIDE/plugins/com.st.stm32cube.ide.mcu.externaltools.gnu-tools-for-stm32.12.3.rel1.win32_1.1.0.202410251130/tools/bin/../lib/gcc/arm-none-eabi/12.3.1/../../../../arm-none-eabi/lib/thumb/v7-m/nofp\libc_nano.a(libc_a-memset.o)
 .ARM.attributes
                0x00000557       0x2d C:/ST/STM32CubeIDE_1.17.0/STM32CubeIDE/plugins/com.st.stm32cube.ide.mcu.externaltools.gnu-tools-for-stm32.12.3.rel1.win32_1.1.0.202410251130/tools/bin/../lib/gcc/arm-none-eabi/12.3.1/../../../../arm-none-eabi/lib/thumb/v7-m/nofp\libc_nano.a(libc_a-reent.o)
 .ARM.attributes
                0x00000584       0x2d C:/ST/STM32CubeIDE_1.17.0/STM32CubeIDE/plugins/com.st.stm32cube.ide.mcu.externaltools.gnu-tools-for-stm32.12.3.rel1.win32_1.1.0.202410251130/tools/bin/../lib/gcc/arm-none-eabi/12.3.1/../../../../arm-none-eabi/lib/thumb/v7-m/nofp\libc_nano.a(libc_a-impure.o)
 .ARM.attributes
                0x000005b1       0x2d C:/ST/STM32CubeIDE_1.17.0/STM32CubeIDE/plugins/com.st.stm32cube.ide.mcu.externaltools.gnu-tools-for-stm32.12.3.rel1.win32_1.1.0.202410251130/tools/bin/../lib/gcc/arm-none-eabi/12.3.1/../../../../arm-none-eabi/lib/thumb/v7-m/nofp\libc_nano.a(libc_a-errno.o)
 .ARM.attributes
                0x000005de       0x2d C:/ST/STM32CubeIDE_1.17.0/STM32CubeIDE/plugins/com.st.stm32cube.ide.mcu.externaltools.gnu-tools-for-stm32.12.3.rel1.win32_1.1.0.202410251130/tools/bin/../lib/gcc/arm-none-eabi/12.3.1/../../../../arm-none-eabi/lib/thumb/v7-m/nofp\libc_nano.a(libc_a-init.o)
 .ARM.attributes
                0x0000060b       0x2d C:/ST/STM32CubeIDE_1.17.0/STM32CubeIDE/plugins/com.st.stm32cube.ide.mcu.externaltools.gnu-tools-for-stm32.12.3.rel1.win32_1.1.0.202410251130/tools/bin/../lib/gcc/arm-none-eabi/12.3.1/../../../../arm-none-eabi/lib/thumb/v7-m/nofp\libc_nano.a(libc_a-lock.o)
 .ARM.attributes
                0x00000638       0x1b C:/ST/STM32CubeIDE_1.17.0/STM32CubeIDE/plugins/com.st.stm32cube.ide.mcu.externaltools.gnu-tools-for-stm32.12.3.rel1.win32_1.1.0.202410251130/tools/bin/../lib/gcc/arm-none-eabi/12.3.1/../../../../arm-none-eabi/lib/thumb/v7-m/nofp\libc_nano.a(libc_a-strcmp.o)
 .ARM.attributes
                0x00000653       0x2d C:/ST/STM32CubeIDE_1.17.0/STM32CubeIDE/plugins/com.st.stm32cube.ide.mcu.externaltools.gnu-tools-for-stm32.12.3.rel1.win32_1.1.0.202410251130/tools/bin/../lib/gcc/arm-none-eabi/12.3.1/../../../../arm-none-eabi/lib/thumb/v7-m/nofp\libc_nano.a(libc_a-memcpy-stub.o)
 .ARM.attributes
                0x00000680       0x2d C:/ST/STM32CubeIDE_1.17.0/STM32CubeIDE/plugins/com.st.stm32cube.ide.mcu.externaltools.gnu-tools-for-stm32.12.3.rel1.win32_1.1.0.202410251130/tools/bin/../lib/gcc/arm-none-eabi/12.3.1/../../../../arm-none-eabi/lib/thumb/v7-m/nofp\libc_nano.a(libc_a-freer.o)
 .ARM.attributes
                0x000006ad       0x2d C:/ST/STM32CubeIDE_1.17.0/STM32CubeIDE/plugins/com.st.stm32cube.ide.mcu.externaltools.gnu-tools-for-stm32.12.3.rel1.win32_1.1.0.202410251130/tools/bin/../lib/gcc/arm-none-eabi/12.3.1/../../../../arm-none-eabi/lib/thumb/v7-m/nofp\libc_nano.a(libc_a-mallocr.o)
 .ARM.attributes
                0x000006da       0x2d C:/ST/STM32CubeIDE_1.17.0/STM32CubeIDE/plugins/com.st.stm32cube.ide.mcu.externaltools.gnu-tools-for-stm32.12.3.rel1.win32_1.1.0.202410251130/tools/bin/../lib/gcc/arm-none-eabi/12.3.1/../../../../arm-none-eabi/lib/thumb/v7-m/nofp\libc_nano.a(libc_a-mlock.o)
 .ARM.attributes
                0x00000707       0x2d C:/ST/STM32CubeIDE_1.17.0/STM32CubeIDE/plugins/com.st.stm32cube.ide.mcu.externaltools.gnu-tools-for-stm32.12.3.rel1.win32_1.1.0.202410251130/tools/bin/../lib/gcc/arm-none-eabi/12.3.1/../../../../arm-none-eabi/lib/thumb/v7-m/nofp\libc_nano.a(libc_a-nano-svfprintf.o)
 .ARM.attributes
                0x00000734       0x2d C:/ST/STM32CubeIDE_1.17.0/STM32CubeIDE/plugins/com.st.stm32cube.ide.mcu.externaltools.gnu-tools-for-stm32.12.3.rel1.win32_1.1.0.202410251130/tools/bin/../lib/gcc/arm-none-eabi/12.3.1/../../../../arm-none-eabi/lib/thumb/v7-m/nofp\libc_nano.a(libc_a-nano-vfprintf_i.o)
 .ARM.attributes
                0x00000761       0x2d C:/ST/STM32CubeIDE_1.17.0/STM32CubeIDE/plugins/com.st.stm32cube.ide.mcu.externaltools.gnu-tools-for-stm32.12.3.rel1.win32_1.1.0.202410251130/tools/bin/../lib/gcc/arm-none-eabi/12.3.1/../../../../arm-none-eabi/lib/thumb/v7-m/nofp\libc_nano.a(libc_a-memmove.o)
 .ARM.attributes
                0x0000078e       0x2d C:/ST/STM32CubeIDE_1.17.0/STM32CubeIDE/plugins/com.st.stm32cube.ide.mcu.externaltools.gnu-tools-for-stm32.12.3.rel1.win32_1.1.0.202410251130/tools/bin/../lib/gcc/arm-none-eabi/12.3.1/../../../../arm-none-eabi/lib/thumb/v7-m/nofp\libc_nano.a(libc_a-sbrkr.o)
 .ARM.attributes
                0x000007bb       0x2d C:/ST/STM32CubeIDE_1.17.0/STM32CubeIDE/plugins/com.st.stm32cube.ide.mcu.externaltools.gnu-tools-for-stm32.12.3.rel1.win32_1.1.0.202410251130/tools/bin/../lib/gcc/arm-none-eabi/12.3.1/../../../../arm-none-eabi/lib/thumb/v7-m/nofp\libc_nano.a(libc_a-memchr-stub.o)
 .ARM.attributes
                0x000007e8       0x2d C:/ST/STM32CubeIDE_1.17.0/STM32CubeIDE/plugins/com.st.stm32cube.ide.mcu.externaltools.gnu-tools-for-stm32.12.3.rel1.win32_1.1.0.202410251130/tools/bin/../lib/gcc/arm-none-eabi/12.3.1/../../../../arm-none-eabi/lib/thumb/v7-m/nofp\libc_nano.a(libc_a-reallocr.o)
 .ARM.attributes
                0x00000815       0x2d C:/ST/STM32CubeIDE_1.17.0/STM32CubeIDE/plugins/com.st.stm32cube.ide.mcu.externaltools.gnu-tools-for-stm32.12.3.rel1.win32_1.1.0.202410251130/tools/bin/../lib/gcc/arm-none-eabi/12.3.1/../../../../arm-none-eabi/lib/thumb/v7-m/nofp\libc_nano.a(libc_a-msizer.o)
 .ARM.attributes
                0x00000842       0x1d C:/ST/STM32CubeIDE_1.17.0/STM32CubeIDE/plugins/com.st.stm32cube.ide.mcu.externaltools.gnu-tools-for-stm32.12.3.rel1.win32_1.1.0.202410251130/tools/bin/../lib/gcc/arm-none-eabi/12.3.1/thumb/v7-m/nofp/crtn.o
OUTPUT(SensoRTOS.elf elf32-littlearm)
LOAD linker stubs
LOAD C:/ST/STM32CubeIDE_1.17.0/STM32CubeIDE/plugins/com.st.stm32cube.ide.mcu.externaltools.gnu-tools-for-stm32.12.3.rel1.win32_1.1.0.202410251130/tools/bin/../lib/gcc/arm-none-eabi/12.3.1/../../../../arm-none-eabi/lib/thumb/v7-m/nofp\libc.a
LOAD C:/ST/STM32CubeIDE_1.17.0/STM32CubeIDE/plugins/com.st.stm32cube.ide.mcu.externaltools.gnu-tools-for-stm32.12.3.rel1.win32_1.1.0.202410251130/tools/bin/../lib/gcc/arm-none-eabi/12.3.1/../../../../arm-none-eabi/lib/thumb/v7-m/nofp\libm.a
LOAD C:/ST/STM32CubeIDE_1.17.0/STM32CubeIDE/plugins/com.st.stm32cube.ide.mcu.externaltools.gnu-tools-for-stm32.12.3.rel1.win32_1.1.0.202410251130/tools/bin/../lib/gcc/arm-none-eabi/12.3.1/thumb/v7-m/nofp\libgcc.a

.debug_info     0x00000000     0xb91a
 .debug_info    0x00000000      0x298 ./Core/Src/drivers/delay.o
 .debug_info    0x00000298      0x31f ./Core/Src/drivers/dht22-driver.o
 .debug_info    0x000005b7      0x1d1 ./Core/Src/drivers/gpio-driver.o
 .debug_info    0x00000788      0x1da ./Core/Src/drivers/hc_sr04-driver.o
 .debug_info    0x00000962      0x42d ./Core/Src/drivers/ssd1306-i2c-driver.o
 .debug_info    0x00000d8f       0xca ./Core/Src/drivers/ssd1306_font6x8.o
 .debug_info    0x00000e59      0x1a8 ./Core/Src/drivers/systemclock_config.o
 .debug_info    0x00001001      0x295 ./Core/Src/drivers/uart-driver.o
 .debug_info    0x00001296      0x279 ./Core/Src/freertos.o
 .debug_info    0x0000150f      0x4ae ./Core/Src/main.o
 .debug_info    0x000019bd      0x99a ./Core/Src/stm32f1xx_hal_timebase_tim.o
 .debug_info    0x00002357      0x66a ./Core/Src/stm32f1xx_it.o
 .debug_info    0x000029c1      0x168 ./Core/Src/sysmem.o
 .debug_info    0x00002b29      0x222 ./Core/Src/system_stm32f1xx.o
 .debug_info    0x00002d4b      0x242 ./Core/Src/tasks/task_dht22.o
 .debug_info    0x00002f8d      0x22c ./Core/Src/tasks/task_display.o
 .debug_info    0x000031b9      0x208 ./Core/Src/tasks/task_hcsr04.o
 .debug_info    0x000033c1      0x316 ./Core/Src/tasks/task_uart.o
 .debug_info    0x000036d7       0x30 ./Core/Startup/startup_stm32f103c8tx.o
 .debug_info    0x00003707     0x2959 ./Drivers/STM32F1xx_HAL_Driver/Src/stm32f1xx_hal_tim.o
 .debug_info    0x00006060     0x149b ./Drivers/STM32F1xx_HAL_Driver/Src/stm32f1xx_hal_tim_ex.o
 .debug_info    0x000074fb     0x1b60 ./Middlewares/Third_Party/FreeRTOS/Source/CMSIS_RTOS/cmsis_os.o
 .debug_info    0x0000905b      0x2af ./Middlewares/Third_Party/FreeRTOS/Source/list.o
 .debug_info    0x0000930a     0x1ca7 ./Middlewares/Third_Party/FreeRTOS/Source/tasks.o
 .debug_info    0x0000afb1      0x494 ./Middlewares/Third_Party/FreeRTOS/Source/portable/GCC/ARM_CM3/port.o
 .debug_info    0x0000b445      0x4d5 ./Middlewares/Third_Party/FreeRTOS/Source/portable/MemMang/heap_4.o

.debug_abbrev   0x00000000     0x2719
 .debug_abbrev  0x00000000      0x105 ./Core/Src/drivers/delay.o
 .debug_abbrev  0x00000105      0x175 ./Core/Src/drivers/dht22-driver.o
 .debug_abbrev  0x0000027a       0xa5 ./Core/Src/drivers/gpio-driver.o
 .debug_abbrev  0x0000031f       0xef ./Core/Src/drivers/hc_sr04-driver.o
 .debug_abbrev  0x0000040e      0x1dd ./Core/Src/drivers/ssd1306-i2c-driver.o
 .debug_abbrev  0x000005eb       0x79 ./Core/Src/drivers/ssd1306_font6x8.o
 .debug_abbrev  0x00000664       0xa3 ./Core/Src/drivers/systemclock_config.o
 .debug_abbrev  0x00000707      0x117 ./Core/Src/drivers/uart-driver.o
 .debug_abbrev  0x0000081e       0xd2 ./Core/Src/freertos.o
 .debug_abbrev  0x000008f0      0x19f ./Core/Src/main.o
 .debug_abbrev  0x00000a8f      0x1f3 ./Core/Src/stm32f1xx_hal_timebase_tim.o
 .debug_abbrev  0x00000c82      0x17c ./Core/Src/stm32f1xx_it.o
 .debug_abbrev  0x00000dfe       0xbc ./Core/Src/sysmem.o
 .debug_abbrev  0x00000eba      0x13f ./Core/Src/system_stm32f1xx.o
 .debug_abbrev  0x00000ff9      0x14f ./Core/Src/tasks/task_dht22.o
 .debug_abbrev  0x00001148      0x166 ./Core/Src/tasks/task_display.o
 .debug_abbrev  0x000012ae      0x164 ./Core/Src/tasks/task_hcsr04.o
 .debug_abbrev  0x00001412      0x180 ./Core/Src/tasks/task_uart.o
 .debug_abbrev  0x00001592       0x24 ./Core/Startup/startup_stm32f103c8tx.o
 .debug_abbrev  0x000015b6      0x277 ./Drivers/STM32F1xx_HAL_Driver/Src/stm32f1xx_hal_tim.o
 .debug_abbrev  0x0000182d      0x282 ./Drivers/STM32F1xx_HAL_Driver/Src/stm32f1xx_hal_tim_ex.o
 .debug_abbrev  0x00001aaf      0x3a7 ./Middlewares/Third_Party/FreeRTOS/Source/CMSIS_RTOS/cmsis_os.o
 .debug_abbrev  0x00001e56       0xf5 ./Middlewares/Third_Party/FreeRTOS/Source/list.o
 .debug_abbrev  0x00001f4b      0x359 ./Middlewares/Third_Party/FreeRTOS/Source/tasks.o
 .debug_abbrev  0x000022a4      0x258 ./Middlewares/Third_Party/FreeRTOS/Source/portable/GCC/ARM_CM3/port.o
 .debug_abbrev  0x000024fc      0x21d ./Middlewares/Third_Party/FreeRTOS/Source/portable/MemMang/heap_4.o

.debug_aranges  0x00000000      0xd28
 .debug_aranges
                0x00000000       0x30 ./Core/Src/drivers/delay.o
 .debug_aranges
                0x00000030       0x38 ./Core/Src/drivers/dht22-driver.o
 .debug_aranges
                0x00000068       0x40 ./Core/Src/drivers/gpio-driver.o
 .debug_aranges
                0x000000a8       0x28 ./Core/Src/drivers/hc_sr04-driver.o
 .debug_aranges
                0x000000d0       0x58 ./Core/Src/drivers/ssd1306-i2c-driver.o
 .debug_aranges
                0x00000128       0x18 ./Core/Src/drivers/ssd1306_font6x8.o
 .debug_aranges
                0x00000140       0x20 ./Core/Src/drivers/systemclock_config.o
 .debug_aranges
                0x00000160       0x40 ./Core/Src/drivers/uart-driver.o
 .debug_aranges
                0x000001a0       0x20 ./Core/Src/freertos.o
 .debug_aranges
                0x000001c0       0x20 ./Core/Src/main.o
 .debug_aranges
                0x000001e0       0x30 ./Core/Src/stm32f1xx_hal_timebase_tim.o
 .debug_aranges
                0x00000210       0x50 ./Core/Src/stm32f1xx_it.o
 .debug_aranges
                0x00000260       0x20 ./Core/Src/sysmem.o
 .debug_aranges
                0x00000280       0x28 ./Core/Src/system_stm32f1xx.o
 .debug_aranges
                0x000002a8       0x20 ./Core/Src/tasks/task_dht22.o
 .debug_aranges
                0x000002c8       0x20 ./Core/Src/tasks/task_display.o
 .debug_aranges
                0x000002e8       0x20 ./Core/Src/tasks/task_hcsr04.o
 .debug_aranges
                0x00000308       0x20 ./Core/Src/tasks/task_uart.o
 .debug_aranges
                0x00000328       0x28 ./Core/Startup/startup_stm32f103c8tx.o
 .debug_aranges
                0x00000350      0x3d0 ./Drivers/STM32F1xx_HAL_Driver/Src/stm32f1xx_hal_tim.o
 .debug_aranges
                0x00000720      0x168 ./Drivers/STM32F1xx_HAL_Driver/Src/stm32f1xx_hal_tim_ex.o
 .debug_aranges
                0x00000888      0x1d8 ./Middlewares/Third_Party/FreeRTOS/Source/CMSIS_RTOS/cmsis_os.o
 .debug_aranges
                0x00000a60       0x40 ./Middlewares/Third_Party/FreeRTOS/Source/list.o
 .debug_aranges
                0x00000aa0      0x1b8 ./Middlewares/Third_Party/FreeRTOS/Source/tasks.o
 .debug_aranges
                0x00000c58       0x78 ./Middlewares/Third_Party/FreeRTOS/Source/portable/GCC/ARM_CM3/port.o
 .debug_aranges
                0x00000cd0       0x58 ./Middlewares/Third_Party/FreeRTOS/Source/portable/MemMang/heap_4.o

.debug_rnglists
                0x00000000      0x9e6
 .debug_rnglists
                0x00000000       0x1f ./Core/Src/drivers/delay.o
 .debug_rnglists
                0x0000001f       0x26 ./Core/Src/drivers/dht22-driver.o
 .debug_rnglists
                0x00000045       0x2b ./Core/Src/drivers/gpio-driver.o
 .debug_rnglists
                0x00000070       0x1a ./Core/Src/drivers/hc_sr04-driver.o
 .debug_rnglists
                0x0000008a       0x40 ./Core/Src/drivers/ssd1306-i2c-driver.o
 .debug_rnglists
                0x000000ca       0x14 ./Core/Src/drivers/systemclock_config.o
 .debug_rnglists
                0x000000de       0x2b ./Core/Src/drivers/uart-driver.o
 .debug_rnglists
                0x00000109       0x13 ./Core/Src/freertos.o
 .debug_rnglists
                0x0000011c       0x14 ./Core/Src/main.o
 .debug_rnglists
                0x00000130       0x20 ./Core/Src/stm32f1xx_hal_timebase_tim.o
 .debug_rnglists
                0x00000150       0x37 ./Core/Src/stm32f1xx_it.o
 .debug_rnglists
                0x00000187       0x13 ./Core/Src/sysmem.o
 .debug_rnglists
                0x0000019a       0x1a ./Core/Src/system_stm32f1xx.o
 .debug_rnglists
                0x000001b4       0x13 ./Core/Src/tasks/task_dht22.o
 .debug_rnglists
                0x000001c7       0x13 ./Core/Src/tasks/task_display.o
 .debug_rnglists
                0x000001da       0x13 ./Core/Src/tasks/task_hcsr04.o
 .debug_rnglists
                0x000001ed       0x14 ./Core/Src/tasks/task_uart.o
 .debug_rnglists
                0x00000201       0x19 ./Core/Startup/startup_stm32f103c8tx.o
 .debug_rnglists
                0x0000021a      0x31a ./Drivers/STM32F1xx_HAL_Driver/Src/stm32f1xx_hal_tim.o
 .debug_rnglists
                0x00000534      0x125 ./Drivers/STM32F1xx_HAL_Driver/Src/stm32f1xx_hal_tim_ex.o
 .debug_rnglists
                0x00000659      0x16a ./Middlewares/Third_Party/FreeRTOS/Source/CMSIS_RTOS/cmsis_os.o
 .debug_rnglists
                0x000007c3       0x2b ./Middlewares/Third_Party/FreeRTOS/Source/list.o
 .debug_rnglists
                0x000007ee      0x15f ./Middlewares/Third_Party/FreeRTOS/Source/tasks.o
 .debug_rnglists
                0x0000094d       0x57 ./Middlewares/Third_Party/FreeRTOS/Source/portable/GCC/ARM_CM3/port.o
 .debug_rnglists
                0x000009a4       0x42 ./Middlewares/Third_Party/FreeRTOS/Source/portable/MemMang/heap_4.o

.debug_macro    0x00000000    0x1958f
 .debug_macro   0x00000000       0xb7 ./Core/Src/drivers/delay.o
 .debug_macro   0x000000b7      0xaa8 ./Core/Src/drivers/delay.o
 .debug_macro   0x00000b5f       0x22 ./Core/Src/drivers/delay.o
 .debug_macro   0x00000b81       0x22 ./Core/Src/drivers/delay.o
 .debug_macro   0x00000ba3       0x8e ./Core/Src/drivers/delay.o
 .debug_macro   0x00000c31       0x51 ./Core/Src/drivers/delay.o
 .debug_macro   0x00000c82      0x103 ./Core/Src/drivers/delay.o
 .debug_macro   0x00000d85       0x6a ./Core/Src/drivers/delay.o
 .debug_macro   0x00000def      0x1df ./Core/Src/drivers/delay.o
 .debug_macro   0x00000fce       0x1c ./Core/Src/drivers/delay.o
 .debug_macro   0x00000fea       0x22 ./Core/Src/drivers/delay.o
 .debug_macro   0x0000100c       0xbd ./Core/Src/drivers/delay.o
 .debug_macro   0x000010c9      0xd23 ./Core/Src/drivers/delay.o
 .debug_macro   0x00001dec     0xe09e ./Core/Src/drivers/delay.o
 .debug_macro   0x0000fe8a      0x1ba ./Core/Src/drivers/dht22-driver.o
 .debug_macro   0x00010044       0x61 ./Core/Src/drivers/dht22-driver.o
 .debug_macro   0x000100a5       0x24 ./Core/Src/drivers/dht22-driver.o
 .debug_macro   0x000100c9       0x43 ./Core/Src/drivers/dht22-driver.o
 .debug_macro   0x0001010c       0x34 ./Core/Src/drivers/dht22-driver.o
 .debug_macro   0x00010140       0x16 ./Core/Src/drivers/dht22-driver.o
 .debug_macro   0x00010156       0x9e ./Core/Src/drivers/dht22-driver.o
 .debug_macro   0x000101f4      0x369 ./Core/Src/drivers/dht22-driver.o
 .debug_macro   0x0001055d      0x10b ./Core/Src/drivers/dht22-driver.o
 .debug_macro   0x00010668       0x10 ./Core/Src/drivers/dht22-driver.o
 .debug_macro   0x00010678       0x16 ./Core/Src/drivers/dht22-driver.o
 .debug_macro   0x0001068e       0x43 ./Core/Src/drivers/dht22-driver.o
 .debug_macro   0x000106d1       0x34 ./Core/Src/drivers/dht22-driver.o
 .debug_macro   0x00010705       0x10 ./Core/Src/drivers/dht22-driver.o
 .debug_macro   0x00010715       0x58 ./Core/Src/drivers/dht22-driver.o
 .debug_macro   0x0001076d       0x8e ./Core/Src/drivers/dht22-driver.o
 .debug_macro   0x000107fb       0x1c ./Core/Src/drivers/dht22-driver.o
 .debug_macro   0x00010817      0x177 ./Core/Src/drivers/dht22-driver.o
 .debug_macro   0x0001098e       0x16 ./Core/Src/drivers/dht22-driver.o
 .debug_macro   0x000109a4       0x16 ./Core/Src/drivers/dht22-driver.o
 .debug_macro   0x000109ba      0x146 ./Core/Src/drivers/dht22-driver.o
 .debug_macro   0x00010b00       0xb7 ./Core/Src/drivers/gpio-driver.o
 .debug_macro   0x00010bb7       0xe3 ./Core/Src/drivers/hc_sr04-driver.o
 .debug_macro   0x00010c9a      0x1ac ./Core/Src/drivers/ssd1306-i2c-driver.o
 .debug_macro   0x00010e46      0x189 ./Core/Src/drivers/ssd1306-i2c-driver.o
 .debug_macro   0x00010fcf       0x10 ./Core/Src/drivers/ssd1306-i2c-driver.o
 .debug_macro   0x00010fdf       0x35 ./Core/Src/drivers/ssd1306-i2c-driver.o
 .debug_macro   0x00011014       0x20 ./Core/Src/drivers/ssd1306-i2c-driver.o
 .debug_macro   0x00011034       0x6d ./Core/Src/drivers/ssd1306_font6x8.o
 .debug_macro   0x000110a1       0xad ./Core/Src/drivers/systemclock_config.o
 .debug_macro   0x0001114e       0xb7 ./Core/Src/drivers/uart-driver.o
 .debug_macro   0x00011205      0x20b ./Core/Src/freertos.o
 .debug_macro   0x00011410       0xd6 ./Core/Src/freertos.o
 .debug_macro   0x000114e6      0x15a ./Core/Src/freertos.o
 .debug_macro   0x00011640       0xde ./Core/Src/freertos.o
 .debug_macro   0x0001171e       0x1c ./Core/Src/freertos.o
 .debug_macro   0x0001173a       0x26 ./Core/Src/freertos.o
 .debug_macro   0x00011760      0x519 ./Core/Src/freertos.o
 .debug_macro   0x00011c79       0xb5 ./Core/Src/freertos.o
 .debug_macro   0x00011d2e       0xaa ./Core/Src/freertos.o
 .debug_macro   0x00011dd8      0x215 ./Core/Src/freertos.o
 .debug_macro   0x00011fed       0x2e ./Core/Src/freertos.o
 .debug_macro   0x0001201b       0x6d ./Core/Src/freertos.o
 .debug_macro   0x00012088     0x34a2 ./Core/Src/freertos.o
 .debug_macro   0x0001552a       0x5c ./Core/Src/freertos.o
 .debug_macro   0x00015586      0x5bc ./Core/Src/freertos.o
 .debug_macro   0x00015b42      0x289 ./Core/Src/freertos.o
 .debug_macro   0x00015dcb      0x1cb ./Core/Src/freertos.o
 .debug_macro   0x00015f96      0x114 ./Core/Src/freertos.o
 .debug_macro   0x000160aa      0x1b2 ./Core/Src/freertos.o
 .debug_macro   0x0001625c       0x27 ./Core/Src/freertos.o
 .debug_macro   0x00016283      0x136 ./Core/Src/freertos.o
 .debug_macro   0x000163b9      0x1bc ./Core/Src/freertos.o
 .debug_macro   0x00016575       0x34 ./Core/Src/freertos.o
 .debug_macro   0x000165a9       0x3c ./Core/Src/freertos.o
 .debug_macro   0x000165e5       0x57 ./Core/Src/freertos.o
 .debug_macro   0x0001663c       0x87 ./Core/Src/freertos.o
 .debug_macro   0x000166c3      0x240 ./Core/Src/freertos.o
 .debug_macro   0x00016903      0x140 ./Core/Src/freertos.o
 .debug_macro   0x00016a43      0x8ed ./Core/Src/freertos.o
 .debug_macro   0x00017330       0x83 ./Core/Src/freertos.o
 .debug_macro   0x000173b3      0x167 ./Core/Src/main.o
 .debug_macro   0x0001751a       0x91 ./Core/Src/main.o
 .debug_macro   0x000175ab       0x8d ./Core/Src/main.o
 .debug_macro   0x00017638       0x7e ./Core/Src/main.o
 .debug_macro   0x000176b6       0x19 ./Core/Src/main.o
 .debug_macro   0x000176cf       0xf2 ./Core/Src/main.o
 .debug_macro   0x000177c1      0x199 ./Core/Src/stm32f1xx_hal_timebase_tim.o
 .debug_macro   0x0001795a      0x1ad ./Core/Src/stm32f1xx_it.o
 .debug_macro   0x00017b07       0xff ./Core/Src/sysmem.o
 .debug_macro   0x00017c06      0x23c ./Core/Src/sysmem.o
 .debug_macro   0x00017e42      0x199 ./Core/Src/system_stm32f1xx.o
 .debug_macro   0x00017fdb      0x211 ./Core/Src/tasks/task_dht22.o
 .debug_macro   0x000181ec      0x211 ./Core/Src/tasks/task_display.o
 .debug_macro   0x000183fd      0x211 ./Core/Src/tasks/task_hcsr04.o
 .debug_macro   0x0001860e      0x259 ./Core/Src/tasks/task_uart.o
 .debug_macro   0x00018867       0x1c ./Core/Src/tasks/task_uart.o
 .debug_macro   0x00018883      0x19a ./Drivers/STM32F1xx_HAL_Driver/Src/stm32f1xx_hal_tim.o
 .debug_macro   0x00018a1d      0x199 ./Drivers/STM32F1xx_HAL_Driver/Src/stm32f1xx_hal_tim_ex.o
 .debug_macro   0x00018bb6      0x1fe ./Middlewares/Third_Party/FreeRTOS/Source/CMSIS_RTOS/cmsis_os.o
 .debug_macro   0x00018db4       0xab ./Middlewares/Third_Party/FreeRTOS/Source/CMSIS_RTOS/cmsis_os.o
 .debug_macro   0x00018e5f      0x187 ./Middlewares/Third_Party/FreeRTOS/Source/list.o
 .debug_macro   0x00018fe6      0x279 ./Middlewares/Third_Party/FreeRTOS/Source/tasks.o
 .debug_macro   0x0001925f       0x10 ./Middlewares/Third_Party/FreeRTOS/Source/tasks.o
 .debug_macro   0x0001926f      0x172 ./Middlewares/Third_Party/FreeRTOS/Source/portable/GCC/ARM_CM3/port.o
 .debug_macro   0x000193e1      0x1ae ./Middlewares/Third_Party/FreeRTOS/Source/portable/MemMang/heap_4.o

.debug_line     0x00000000    0x10f15
 .debug_line    0x00000000      0x586 ./Core/Src/drivers/delay.o
 .debug_line    0x00000586      0x8e7 ./Core/Src/drivers/dht22-driver.o
 .debug_line    0x00000e6d      0x5a2 ./Core/Src/drivers/gpio-driver.o
 .debug_line    0x0000140f      0x5be ./Core/Src/drivers/hc_sr04-driver.o
 .debug_line    0x000019cd      0x8dc ./Core/Src/drivers/ssd1306-i2c-driver.o
 .debug_line    0x000022a9      0x453 ./Core/Src/drivers/ssd1306_font6x8.o
 .debug_line    0x000026fc      0x573 ./Core/Src/drivers/systemclock_config.o
 .debug_line    0x00002c6f      0x5db ./Core/Src/drivers/uart-driver.o
 .debug_line    0x0000324a      0x7e2 ./Core/Src/freertos.o
 .debug_line    0x00003a2c      0x6a4 ./Core/Src/main.o
 .debug_line    0x000040d0      0x753 ./Core/Src/stm32f1xx_hal_timebase_tim.o
 .debug_line    0x00004823      0x781 ./Core/Src/stm32f1xx_it.o
 .debug_line    0x00004fa4      0x579 ./Core/Src/sysmem.o
 .debug_line    0x0000551d      0x763 ./Core/Src/system_stm32f1xx.o
 .debug_line    0x00005c80      0x7b0 ./Core/Src/tasks/task_dht22.o
 .debug_line    0x00006430      0x7c1 ./Core/Src/tasks/task_display.o
 .debug_line    0x00006bf1      0x7b3 ./Core/Src/tasks/task_hcsr04.o
 .debug_line    0x000073a4      0x856 ./Core/Src/tasks/task_uart.o
 .debug_line    0x00007bfa       0x78 ./Core/Startup/startup_stm32f103c8tx.o
 .debug_line    0x00007c72     0x34b5 ./Drivers/STM32F1xx_HAL_Driver/Src/stm32f1xx_hal_tim.o
 .debug_line    0x0000b127     0x18df ./Drivers/STM32F1xx_HAL_Driver/Src/stm32f1xx_hal_tim_ex.o
 .debug_line    0x0000ca06     0x125b ./Middlewares/Third_Party/FreeRTOS/Source/CMSIS_RTOS/cmsis_os.o
 .debug_line    0x0000dc61      0x78b ./Middlewares/Third_Party/FreeRTOS/Source/list.o
 .debug_line    0x0000e3ec     0x19a2 ./Middlewares/Third_Party/FreeRTOS/Source/tasks.o
 .debug_line    0x0000fd8e      0x7d2 ./Middlewares/Third_Party/FreeRTOS/Source/portable/GCC/ARM_CM3/port.o
 .debug_line    0x00010560      0x9b5 ./Middlewares/Third_Party/FreeRTOS/Source/portable/MemMang/heap_4.o

.debug_str      0x00000000    0x9006b
 .debug_str     0x00000000    0x53d38 ./Core/Src/drivers/delay.o
                              0x53f9e (size before relaxing)
 .debug_str     0x00053d38     0x3b1b ./Core/Src/drivers/dht22-driver.o
                              0x57af6 (size before relaxing)
 .debug_str     0x00057853       0x6c ./Core/Src/drivers/gpio-driver.o
                              0x53f8c (size before relaxing)
 .debug_str     0x000578bf       0x9c ./Core/Src/drivers/hc_sr04-driver.o
                              0x53fff (size before relaxing)
 .debug_str     0x0005795b      0x200 ./Core/Src/drivers/ssd1306-i2c-driver.o
                              0x575bb (size before relaxing)
 .debug_str     0x00057b5b       0x46 ./Core/Src/drivers/ssd1306_font6x8.o
                               0x3d0a (size before relaxing)
 .debug_str     0x00057ba1       0x57 ./Core/Src/drivers/systemclock_config.o
                              0x53f6e (size before relaxing)
 .debug_str     0x00057bf8       0x75 ./Core/Src/drivers/uart-driver.o
                              0x53fd4 (size before relaxing)
 .debug_str     0x00057c6d    0x31620 ./Core/Src/freertos.o
                              0x8593a (size before relaxing)
 .debug_str     0x0008928d     0x2504 ./Core/Src/main.o
                               0xa449 (size before relaxing)
 .debug_str     0x0008b791      0x82d ./Core/Src/stm32f1xx_hal_timebase_tim.o
                              0x82379 (size before relaxing)
 .debug_str     0x0008bfbe       0xa5 ./Core/Src/stm32f1xx_it.o
                              0x81f68 (size before relaxing)
 .debug_str     0x0008c063      0x35c ./Core/Src/sysmem.o
                               0x6067 (size before relaxing)
 .debug_str     0x0008c3bf       0x7e ./Core/Src/system_stm32f1xx.o
                              0x81ac1 (size before relaxing)
 .debug_str     0x0008c43d       0x30 ./Core/Src/tasks/task_dht22.o
                               0xd895 (size before relaxing)
 .debug_str     0x0008c46d       0x2a ./Core/Src/tasks/task_display.o
                               0xd8af (size before relaxing)
 .debug_str     0x0008c497       0x2c ./Core/Src/tasks/task_hcsr04.o
                               0xd884 (size before relaxing)
 .debug_str     0x0008c4c3       0x46 ./Core/Src/tasks/task_uart.o
                               0xd9d6 (size before relaxing)
 .debug_str     0x0008c509       0x44 ./Core/Startup/startup_stm32f103c8tx.o
                                 0x72 (size before relaxing)
 .debug_str     0x0008c54d      0xe9c ./Drivers/STM32F1xx_HAL_Driver/Src/stm32f1xx_hal_tim.o
                              0x82ef2 (size before relaxing)
 .debug_str     0x0008d3e9      0x503 ./Drivers/STM32F1xx_HAL_Driver/Src/stm32f1xx_hal_tim_ex.o
                              0x826fe (size before relaxing)
 .debug_str     0x0008d8ec      0xaaf ./Middlewares/Third_Party/FreeRTOS/Source/CMSIS_RTOS/cmsis_os.o
                               0xe598 (size before relaxing)
 .debug_str     0x0008e39b      0x20f ./Middlewares/Third_Party/FreeRTOS/Source/list.o
                               0xaa98 (size before relaxing)
 .debug_str     0x0008e5aa     0x1126 ./Middlewares/Third_Party/FreeRTOS/Source/tasks.o
                               0xce03 (size before relaxing)
 .debug_str     0x0008f6d0      0x66e ./Middlewares/Third_Party/FreeRTOS/Source/portable/GCC/ARM_CM3/port.o
                               0x85dd (size before relaxing)
 .debug_str     0x0008fd3e      0x32d ./Middlewares/Third_Party/FreeRTOS/Source/portable/MemMang/heap_4.o
                               0xb3da (size before relaxing)

.comment        0x00000000       0x43
 .comment       0x00000000       0x43 ./Core/Src/drivers/delay.o
                                 0x44 (size before relaxing)
 .comment       0x00000043       0x44 ./Core/Src/drivers/dht22-driver.o
 .comment       0x00000043       0x44 ./Core/Src/drivers/gpio-driver.o
 .comment       0x00000043       0x44 ./Core/Src/drivers/hc_sr04-driver.o
 .comment       0x00000043       0x44 ./Core/Src/drivers/ssd1306-i2c-driver.o
 .comment       0x00000043       0x44 ./Core/Src/drivers/ssd1306_font6x8.o
 .comment       0x00000043       0x44 ./Core/Src/drivers/systemclock_config.o
 .comment       0x00000043       0x44 ./Core/Src/drivers/uart-driver.o
 .comment       0x00000043       0x44 ./Core/Src/freertos.o
 .comment       0x00000043       0x44 ./Core/Src/main.o
 .comment       0x00000043       0x44 ./Core/Src/stm32f1xx_hal_timebase_tim.o
 .comment       0x00000043       0x44 ./Core/Src/stm32f1xx_it.o
 .comment       0x00000043       0x44 ./Core/Src/sysmem.o
 .comment       0x00000043       0x44 ./Core/Src/system_stm32f1xx.o
 .comment       0x00000043       0x44 ./Core/Src/tasks/task_dht22.o
 .comment       0x00000043       0x44 ./Core/Src/tasks/task_display.o
 .comment       0x00000043       0x44 ./Core/Src/tasks/task_hcsr04.o
 .comment       0x00000043       0x44 ./Core/Src/tasks/task_uart.o
 .comment       0x00000043       0x44 ./Drivers/STM32F1xx_HAL_Driver/Src/stm32f1xx_hal_tim.o
 .comment       0x00000043       0x44 ./Drivers/STM32F1xx_HAL_Driver/Src/stm32f1xx_hal_tim_ex.o
 .comment       0x00000043       0x44 ./Middlewares/Third_Party/FreeRTOS/Source/CMSIS_RTOS/cmsis_os.o
 .comment       0x00000043       0x44 ./Middlewares/Third_Party/FreeRTOS/Source/list.o
 .comment       0x00000043       0x44 ./Middlewares/Third_Party/FreeRTOS/Source/tasks.o
 .comment       0x00000043       0x44 ./Middlewares/Third_Party/FreeRTOS/Source/portable/GCC/ARM_CM3/port.o
 .comment       0x00000043       0x44 ./Middlewares/Third_Party/FreeRTOS/Source/portable/MemMang/heap_4.o

.debug_frame    0x00000000     0x37f0
 .debug_frame   0x00000000       0x7c ./Core/Src/drivers/delay.o
 .debug_frame   0x0000007c       0x98 ./Core/Src/drivers/dht22-driver.o
 .debug_frame   0x00000114       0xb0 ./Core/Src/drivers/gpio-driver.o
 .debug_frame   0x000001c4       0x54 ./Core/Src/drivers/hc_sr04-driver.o
 .debug_frame   0x00000218      0x11c ./Core/Src/drivers/ssd1306-i2c-driver.o
 .debug_frame   0x00000334       0x30 ./Core/Src/drivers/systemclock_config.o
 .debug_frame   0x00000364       0xbc ./Core/Src/drivers/uart-driver.o
 .debug_frame   0x00000420       0x38 ./Core/Src/freertos.o
 .debug_frame   0x00000458       0x34 ./Core/Src/main.o
 .debug_frame   0x0000048c       0x74 ./Core/Src/stm32f1xx_hal_timebase_tim.o
 .debug_frame   0x00000500       0xc4 ./Core/Src/stm32f1xx_it.o
 .debug_frame   0x000005c4       0x34 ./Core/Src/sysmem.o
 .debug_frame   0x000005f8       0x58 ./Core/Src/system_stm32f1xx.o
 .debug_frame   0x00000650       0x30 ./Core/Src/tasks/task_dht22.o
 .debug_frame   0x00000680       0x30 ./Core/Src/tasks/task_display.o
 .debug_frame   0x000006b0       0x30 ./Core/Src/tasks/task_hcsr04.o
 .debug_frame   0x000006e0       0x30 ./Core/Src/tasks/task_uart.o
 .debug_frame   0x00000710     0x11b8 ./Drivers/STM32F1xx_HAL_Driver/Src/stm32f1xx_hal_tim.o
 .debug_frame   0x000018c8      0x638 ./Drivers/STM32F1xx_HAL_Driver/Src/stm32f1xx_hal_tim_ex.o
 .debug_frame   0x00001f00      0x80c ./Middlewares/Third_Party/FreeRTOS/Source/CMSIS_RTOS/cmsis_os.o
 .debug_frame   0x0000270c       0xd8 ./Middlewares/Third_Party/FreeRTOS/Source/list.o
 .debug_frame   0x000027e4      0x77c ./Middlewares/Third_Party/FreeRTOS/Source/tasks.o
 .debug_frame   0x00002f60      0x198 ./Middlewares/Third_Party/FreeRTOS/Source/portable/GCC/ARM_CM3/port.o
 .debug_frame   0x000030f8      0x12c ./Middlewares/Third_Party/FreeRTOS/Source/portable/MemMang/heap_4.o
 .debug_frame   0x00003224      0x144 C:/ST/STM32CubeIDE_1.17.0/STM32CubeIDE/plugins/com.st.stm32cube.ide.mcu.externaltools.gnu-tools-for-stm32.12.3.rel1.win32_1.1.0.202410251130/tools/bin/../lib/gcc/arm-none-eabi/12.3.1/../../../../arm-none-eabi/lib/thumb/v7-m/nofp\libc_nano.a(libc_a-findfp.o)
 .debug_frame   0x00003368       0x6c C:/ST/STM32CubeIDE_1.17.0/STM32CubeIDE/plugins/com.st.stm32cube.ide.mcu.externaltools.gnu-tools-for-stm32.12.3.rel1.win32_1.1.0.202410251130/tools/bin/../lib/gcc/arm-none-eabi/12.3.1/../../../../arm-none-eabi/lib/thumb/v7-m/nofp\libc_nano.a(libc_a-sprintf.o)
 .debug_frame   0x000033d4       0x20 C:/ST/STM32CubeIDE_1.17.0/STM32CubeIDE/plugins/com.st.stm32cube.ide.mcu.externaltools.gnu-tools-for-stm32.12.3.rel1.win32_1.1.0.202410251130/tools/bin/../lib/gcc/arm-none-eabi/12.3.1/../../../../arm-none-eabi/lib/thumb/v7-m/nofp\libc_nano.a(libc_a-memset.o)
 .debug_frame   0x000033f4       0x38 C:/ST/STM32CubeIDE_1.17.0/STM32CubeIDE/plugins/com.st.stm32cube.ide.mcu.externaltools.gnu-tools-for-stm32.12.3.rel1.win32_1.1.0.202410251130/tools/bin/../lib/gcc/arm-none-eabi/12.3.1/../../../../arm-none-eabi/lib/thumb/v7-m/nofp\libc_nano.a(libc_a-reent.o)
 .debug_frame   0x0000342c       0x20 C:/ST/STM32CubeIDE_1.17.0/STM32CubeIDE/plugins/com.st.stm32cube.ide.mcu.externaltools.gnu-tools-for-stm32.12.3.rel1.win32_1.1.0.202410251130/tools/bin/../lib/gcc/arm-none-eabi/12.3.1/../../../../arm-none-eabi/lib/thumb/v7-m/nofp\libc_nano.a(libc_a-errno.o)
 .debug_frame   0x0000344c       0x2c C:/ST/STM32CubeIDE_1.17.0/STM32CubeIDE/plugins/com.st.stm32cube.ide.mcu.externaltools.gnu-tools-for-stm32.12.3.rel1.win32_1.1.0.202410251130/tools/bin/../lib/gcc/arm-none-eabi/12.3.1/../../../../arm-none-eabi/lib/thumb/v7-m/nofp\libc_nano.a(libc_a-init.o)
 .debug_frame   0x00003478       0xb0 C:/ST/STM32CubeIDE_1.17.0/STM32CubeIDE/plugins/com.st.stm32cube.ide.mcu.externaltools.gnu-tools-for-stm32.12.3.rel1.win32_1.1.0.202410251130/tools/bin/../lib/gcc/arm-none-eabi/12.3.1/../../../../arm-none-eabi/lib/thumb/v7-m/nofp\libc_nano.a(libc_a-lock.o)
 .debug_frame   0x00003528       0x20 C:/ST/STM32CubeIDE_1.17.0/STM32CubeIDE/plugins/com.st.stm32cube.ide.mcu.externaltools.gnu-tools-for-stm32.12.3.rel1.win32_1.1.0.202410251130/tools/bin/../lib/gcc/arm-none-eabi/12.3.1/../../../../arm-none-eabi/lib/thumb/v7-m/nofp\libc_nano.a(libc_a-strcmp.o)
 .debug_frame   0x00003548       0x28 C:/ST/STM32CubeIDE_1.17.0/STM32CubeIDE/plugins/com.st.stm32cube.ide.mcu.externaltools.gnu-tools-for-stm32.12.3.rel1.win32_1.1.0.202410251130/tools/bin/../lib/gcc/arm-none-eabi/12.3.1/../../../../arm-none-eabi/lib/thumb/v7-m/nofp\libc_nano.a(libc_a-memcpy-stub.o)
 .debug_frame   0x00003570       0x38 C:/ST/STM32CubeIDE_1.17.0/STM32CubeIDE/plugins/com.st.stm32cube.ide.mcu.externaltools.gnu-tools-for-stm32.12.3.rel1.win32_1.1.0.202410251130/tools/bin/../lib/gcc/arm-none-eabi/12.3.1/../../../../arm-none-eabi/lib/thumb/v7-m/nofp\libc_nano.a(libc_a-freer.o)
 .debug_frame   0x000035a8       0x50 C:/ST/STM32CubeIDE_1.17.0/STM32CubeIDE/plugins/com.st.stm32cube.ide.mcu.externaltools.gnu-tools-for-stm32.12.3.rel1.win32_1.1.0.202410251130/tools/bin/../lib/gcc/arm-none-eabi/12.3.1/../../../../arm-none-eabi/lib/thumb/v7-m/nofp\libc_nano.a(libc_a-mallocr.o)
 .debug_frame   0x000035f8       0x30 C:/ST/STM32CubeIDE_1.17.0/STM32CubeIDE/plugins/com.st.stm32cube.ide.mcu.externaltools.gnu-tools-for-stm32.12.3.rel1.win32_1.1.0.202410251130/tools/bin/../lib/gcc/arm-none-eabi/12.3.1/../../../../arm-none-eabi/lib/thumb/v7-m/nofp\libc_nano.a(libc_a-mlock.o)
 .debug_frame   0x00003628       0x90 C:/ST/STM32CubeIDE_1.17.0/STM32CubeIDE/plugins/com.st.stm32cube.ide.mcu.externaltools.gnu-tools-for-stm32.12.3.rel1.win32_1.1.0.202410251130/tools/bin/../lib/gcc/arm-none-eabi/12.3.1/../../../../arm-none-eabi/lib/thumb/v7-m/nofp\libc_nano.a(libc_a-nano-svfprintf.o)
 .debug_frame   0x000036b8       0x60 C:/ST/STM32CubeIDE_1.17.0/STM32CubeIDE/plugins/com.st.stm32cube.ide.mcu.externaltools.gnu-tools-for-stm32.12.3.rel1.win32_1.1.0.202410251130/tools/bin/../lib/gcc/arm-none-eabi/12.3.1/../../../../arm-none-eabi/lib/thumb/v7-m/nofp\libc_nano.a(libc_a-nano-vfprintf_i.o)
 .debug_frame   0x00003718       0x28 C:/ST/STM32CubeIDE_1.17.0/STM32CubeIDE/plugins/com.st.stm32cube.ide.mcu.externaltools.gnu-tools-for-stm32.12.3.rel1.win32_1.1.0.202410251130/tools/bin/../lib/gcc/arm-none-eabi/12.3.1/../../../../arm-none-eabi/lib/thumb/v7-m/nofp\libc_nano.a(libc_a-memmove.o)
 .debug_frame   0x00003740       0x2c C:/ST/STM32CubeIDE_1.17.0/STM32CubeIDE/plugins/com.st.stm32cube.ide.mcu.externaltools.gnu-tools-for-stm32.12.3.rel1.win32_1.1.0.202410251130/tools/bin/../lib/gcc/arm-none-eabi/12.3.1/../../../../arm-none-eabi/lib/thumb/v7-m/nofp\libc_nano.a(libc_a-sbrkr.o)
 .debug_frame   0x0000376c       0x28 C:/ST/STM32CubeIDE_1.17.0/STM32CubeIDE/plugins/com.st.stm32cube.ide.mcu.externaltools.gnu-tools-for-stm32.12.3.rel1.win32_1.1.0.202410251130/tools/bin/../lib/gcc/arm-none-eabi/12.3.1/../../../../arm-none-eabi/lib/thumb/v7-m/nofp\libc_nano.a(libc_a-memchr-stub.o)
 .debug_frame   0x00003794       0x3c C:/ST/STM32CubeIDE_1.17.0/STM32CubeIDE/plugins/com.st.stm32cube.ide.mcu.externaltools.gnu-tools-for-stm32.12.3.rel1.win32_1.1.0.202410251130/tools/bin/../lib/gcc/arm-none-eabi/12.3.1/../../../../arm-none-eabi/lib/thumb/v7-m/nofp\libc_nano.a(libc_a-reallocr.o)
 .debug_frame   0x000037d0       0x20 C:/ST/STM32CubeIDE_1.17.0/STM32CubeIDE/plugins/com.st.stm32cube.ide.mcu.externaltools.gnu-tools-for-stm32.12.3.rel1.win32_1.1.0.202410251130/tools/bin/../lib/gcc/arm-none-eabi/12.3.1/../../../../arm-none-eabi/lib/thumb/v7-m/nofp\libc_nano.a(libc_a-msizer.o)

.debug_line_str
                0x00000000       0x56
 .debug_line_str
                0x00000000       0x56 ./Core/Startup/startup_stm32f103c8tx.o
